Archive member included to satisfy reference by file (symbol)

../../libDaisy//build/libdaisy.a(daisy_seed.o)
                              build/daisy_verb.o (daisy::DaisySeed::Configure())
../../libDaisy//build/libdaisy.a(codec_ak4556.o)
                              ../../libDaisy//build/libdaisy.a(daisy_seed.o) (daisy::Ak4556::Init(dsy_gpio_pin))
../../libDaisy//build/libdaisy.a(codec_wm8731.o)
                              ../../libDaisy//build/libdaisy.a(daisy_seed.o) (daisy::Wm8731::Init(daisy::Wm8731::Config const&, daisy::I2CHandle))
../../libDaisy//build/libdaisy.a(sdram.o)
                              ../../libDaisy//build/libdaisy.a(daisy_seed.o) (SdramHandle::Init())
../../libDaisy//build/libdaisy.a(audio.o)
                              ../../libDaisy//build/libdaisy.a(daisy_seed.o) (daisy::AudioHandle::Init(daisy::AudioHandle::Config const&, daisy::SaiHandle))
../../libDaisy//build/libdaisy.a(gpio.o)
                              ../../libDaisy//build/libdaisy.a(daisy_seed.o) (daisy::GPIO::Init(daisy::Pin, daisy::GPIO::Mode, daisy::GPIO::Pull, daisy::GPIO::Speed))
../../libDaisy//build/libdaisy.a(i2c.o)
                              ../../libDaisy//build/libdaisy.a(daisy_seed.o) (daisy::I2CHandle::Init(daisy::I2CHandle::Config const&))
../../libDaisy//build/libdaisy.a(qspi.o)
                              ../../libDaisy//build/libdaisy.a(daisy_seed.o) (daisy::QSPIHandle::Init(daisy::QSPIHandle::Config const&))
../../libDaisy//build/libdaisy.a(sai.o)
                              ../../libDaisy//build/libdaisy.a(daisy_seed.o) (daisy::SaiHandle::Init(daisy::SaiHandle::Config const&))
../../libDaisy//build/libdaisy.a(system.o)
                              ../../libDaisy//build/libdaisy.a(daisy_seed.o) (daisy::System::DeInit())
../../libDaisy//build/libdaisy.a(system_stm32h7xx.o)
                              build/startup_stm32h750xx.o (SystemInit)
../../libDaisy//build/libdaisy.a(usbd_conf.o)
                              ../../libDaisy//build/libdaisy.a(system.o) (hpcd_USB_OTG_HS)
../../libDaisy//build/libdaisy.a(usbh_conf.o)
                              ../../libDaisy//build/libdaisy.a(system.o) (hhcd_USB_OTG_HS)
../../libDaisy//build/libdaisy.a(hal_map.o)
                              ../../libDaisy//build/libdaisy.a(gpio.o) (dsy_hal_map_get_port)
../../libDaisy//build/libdaisy.a(stm32h7xx_hal.o)
                              ../../libDaisy//build/libdaisy.a(system.o) (HAL_Init)
../../libDaisy//build/libdaisy.a(stm32h7xx_hal_cortex.o)
                              ../../libDaisy//build/libdaisy.a(stm32h7xx_hal.o) (HAL_NVIC_SetPriorityGrouping)
../../libDaisy//build/libdaisy.a(stm32h7xx_hal_dma.o)
                              ../../libDaisy//build/libdaisy.a(i2c.o) (HAL_DMA_Init)
../../libDaisy//build/libdaisy.a(stm32h7xx_hal_gpio.o)
                              ../../libDaisy//build/libdaisy.a(sdram.o) (HAL_GPIO_Init)
../../libDaisy//build/libdaisy.a(stm32h7xx_hal_hcd.o)
                              ../../libDaisy//build/libdaisy.a(usbh_conf.o) (HAL_HCD_HC_Init)
../../libDaisy//build/libdaisy.a(stm32h7xx_hal_i2c.o)
                              ../../libDaisy//build/libdaisy.a(i2c.o) (HAL_I2C_Init)
../../libDaisy//build/libdaisy.a(stm32h7xx_hal_i2c_ex.o)
                              ../../libDaisy//build/libdaisy.a(i2c.o) (HAL_I2CEx_ConfigAnalogFilter)
../../libDaisy//build/libdaisy.a(stm32h7xx_hal_pcd.o)
                              ../../libDaisy//build/libdaisy.a(usbd_conf.o) (HAL_PCD_Init)
../../libDaisy//build/libdaisy.a(stm32h7xx_hal_pcd_ex.o)
                              ../../libDaisy//build/libdaisy.a(usbd_conf.o) (HAL_PCDEx_SetTxFiFo)
../../libDaisy//build/libdaisy.a(stm32h7xx_hal_pwr_ex.o)
                              ../../libDaisy//build/libdaisy.a(system.o) (HAL_PWREx_ConfigSupply)
../../libDaisy//build/libdaisy.a(stm32h7xx_hal_qspi.o)
                              ../../libDaisy//build/libdaisy.a(qspi.o) (HAL_QSPI_Init)
../../libDaisy//build/libdaisy.a(stm32h7xx_hal_rcc.o)
                              ../../libDaisy//build/libdaisy.a(system.o) (HAL_RCC_OscConfig)
../../libDaisy//build/libdaisy.a(stm32h7xx_hal_rcc_ex.o)
                              ../../libDaisy//build/libdaisy.a(system.o) (HAL_RCCEx_PeriphCLKConfig)
../../libDaisy//build/libdaisy.a(stm32h7xx_hal_sai.o)
                              ../../libDaisy//build/libdaisy.a(sai.o) (HAL_SAI_InitProtocol)
../../libDaisy//build/libdaisy.a(stm32h7xx_hal_sdram.o)
                              ../../libDaisy//build/libdaisy.a(sdram.o) (HAL_SDRAM_Init)
../../libDaisy//build/libdaisy.a(stm32h7xx_ll_fmc.o)
                              ../../libDaisy//build/libdaisy.a(stm32h7xx_hal_sdram.o) (FMC_SDRAM_Init)
../../libDaisy//build/libdaisy.a(stm32h7xx_ll_usb.o)
                              ../../libDaisy//build/libdaisy.a(stm32h7xx_hal_hcd.o) (USB_CoreInit)
../../libDaisy//build/libdaisy.a(usbd_core.o)
                              ../../libDaisy//build/libdaisy.a(usbd_conf.o) (USBD_LL_SetupStage)
[...]
Memory Configuration

Name             Origin             Length             Attributes
FLASH            0x0000000008000000 0x0000000000020000 xr
DTCMRAM          0x0000000020000000 0x0000000000020000 xrw
SRAM             0x0000000024000000 0x0000000000080000 xrw
RAM_D2           0x0000000030000000 0x0000000000048000 xrw
RAM_D3           0x0000000038000000 0x0000000000010000 xrw
BACKUP_SRAM      0x0000000038800000 0x0000000000001000 xrw
ITCMRAM          0x0000000000000000 0x0000000000010000 xrw
SDRAM            0x00000000c0000000 0x0000000004000000 xrw
QSPIFLASH        0x0000000090000000 0x0000000000800000 xr
*default*        0x0000000000000000 0xffffffffffffffff

Linker script and memory map

LOAD /Library/DaisyToolchain/0.2.0/arm/bin/../lib/gcc/arm-none-eabi/10.3.1/thumb/v7e-m+dp/hard/crti.o
LOAD /Library/DaisyToolchain/0.2.0/arm/bin/../lib/gcc/arm-none-eabi/10.3.1/thumb/v7e-m+dp/hard/crtbegin.o
LOAD /Library/DaisyToolchain/0.2.0/arm/bin/../lib/gcc/arm-none-eabi/10.3.1/../../../../arm-none-eabi/lib/thumb/v7e-m+dp/hard/crt0.o
LOAD build/startup_stm32h750xx.o
LOAD build/daisy_verb.o
LOAD ../../libDaisy//build/libdaisy.a
LOAD /Library/DaisyToolchain/0.2.0/arm/bin/../lib/gcc/arm-none-eabi/10.3.1/../../../../arm-none-eabi/lib/thumb/v7e-m+dp/hard/libnosys.a
LOAD ../../DaisySP//build/libdaisysp.a
LOAD /Library/DaisyToolchain/0.2.0/arm/bin/../lib/gcc/arm-none-eabi/10.3.1/../../../../arm-none-eabi/lib/thumb/v7e-m+dp/hard/libstdc++_nano.a
LOAD /Library/DaisyToolchain/0.2.0/arm/bin/../lib/gcc/arm-none-eabi/10.3.1/../../../../arm-none-eabi/lib/thumb/v7e-m+dp/hard/libm.a
LOAD /Library/DaisyToolchain/0.2.0/arm/bin/../lib/gcc/arm-none-eabi/10.3.1/../../../../arm-none-eabi/lib/thumb/v7e-m+dp/hard/libc_nano.a
START GROUP
LOAD /Library/DaisyToolchain/0.2.0/arm/bin/../lib/gcc/arm-none-eabi/10.3.1/thumb/v7e-m+dp/hard/libgcc.a
LOAD /Library/DaisyToolchain/0.2.0/arm/bin/../lib/gcc/arm-none-eabi/10.3.1/../../../../arm-none-eabi/lib/thumb/v7e-m+dp/hard/libc_nano.a
END GROUP
START GROUP
LOAD /Library/DaisyToolchain/0.2.0/arm/bin/../lib/gcc/arm-none-eabi/10.3.1/thumb/v7e-m+dp/hard/libgcc.a
LOAD /Library/DaisyToolchain/0.2.0/arm/bin/../lib/gcc/arm-none-eabi/10.3.1/../../../../arm-none-eabi/lib/thumb/v7e-m+dp/hard/libc_nano.a
LOAD /Library/DaisyToolchain/0.2.0/arm/bin/../lib/gcc/arm-none-eabi/10.3.1/../../../../arm-none-eabi/lib/thumb/v7e-m+dp/hard/libnosys.a
END GROUP
START GROUP
LOAD /Library/DaisyToolchain/0.2.0/arm/bin/../lib/gcc/arm-none-eabi/10.3.1/thumb/v7e-m+dp/hard/libgcc.a
LOAD /Library/DaisyToolchain/0.2.0/arm/bin/../lib/gcc/arm-none-eabi/10.3.1/../../../../arm-none-eabi/lib/thumb/v7e-m+dp/hard/libc_nano.a
LOAD /Library/DaisyToolchain/0.2.0/arm/bin/../lib/gcc/arm-none-eabi/10.3.1/../../../../arm-none-eabi/lib/thumb/v7e-m+dp/hard/libnosys.a
END GROUP
LOAD /Library/DaisyToolchain/0.2.0/arm/bin/../lib/gcc/arm-none-eabi/10.3.1/thumb/v7e-m+dp/hard/crtend.o
LOAD /Library/DaisyToolchain/0.2.0/arm/bin/../lib/gcc/arm-none-eabi/10.3.1/thumb/v7e-m+dp/hard/crtn.o
                0x0000000020020000                _estack = 0x20020000

.isr_vector     0x0000000008000000      0x298
                0x0000000008000000                . = ALIGN (0x4)
 *(.isr_vector)
 .isr_vector    0x0000000008000000      0x298 build/startup_stm32h750xx.o
                0x0000000008000000                g_pfnVectors
                0x0000000008000298                . = ALIGN (0x4)

.text           0x0000000008000298    0x10160
                0x0000000008000298                . = ALIGN (0x4)
                0x0000000008000298                _stext = .
 *(.text)
 .text          0x0000000008000298       0x40 /Library/DaisyToolchain/0.2.0/arm/bin/../lib/gcc/arm-none-eabi/10.3.1/thumb/v7e-m+dp/hard/crtbegin.o
 .text          0x00000000080002d8      0x378 /Library/DaisyToolchain/0.2.0/arm/bin/../lib/gcc/arm-none-eabi/10.3.1/thumb/v7e-m+dp/hard/libgcc.a(_arm_addsubdf3.o)
                0x00000000080002d8                __aeabi_drsub
                0x00000000080002e0                __subdf3
                0x00000000080002e0                __aeabi_dsub
                0x00000000080002e4                __aeabi_dadd
                0x00000000080002e4                __adddf3
                0x000000000800055c                __aeabi_ui2d
                0x000000000800055c                __floatunsidf
                0x000000000800057c                __floatsidf
                0x000000000800057c                __aeabi_i2d
                0x00000000080005a0                __extendsfdf2
                0x00000000080005a0                __aeabi_f2d
                0x00000000080005e4                __aeabi_ul2d
                0x00000000080005e4                __floatundidf
                0x00000000080005f4                __aeabi_l2d
                0x00000000080005f4                __floatdidf
 .text          0x0000000008000650       0x30 /Library/DaisyToolchain/0.2.0/arm/bin/../lib/gcc/arm-none-eabi/10.3.1/thumb/v7e-m+dp/hard/libgcc.a(_aeabi_uldivmod.o)
                0x0000000008000650                __aeabi_uldivmod
 .text          0x0000000008000680      0x2d0 /Library/DaisyToolchain/0.2.0/arm/bin/../lib/gcc/arm-none-eabi/10.3.1/thumb/v7e-m+dp/hard/libgcc.a(_udivmoddi4.o)
                0x0000000008000680                __udivmoddi4
 .text          0x0000000008000950        0x4 /Library/DaisyToolchain/0.2.0/arm/bin/../lib/gcc/arm-none-eabi/10.3.1/thumb/v7e-m+dp/hard/libgcc.a(_dvmd_tls.o)
                0x0000000008000950                __aeabi_ldiv0
                0x0000000008000950                __aeabi_idiv0
 *(.text*)
 .text.Default_Handler
                0x0000000008000954        0x4 build/startup_stm32h750xx.o
                0x0000000008000954                SAI1_IRQHandler
                0x0000000008000954                HASH_RNG_IRQHandler
                0x0000000008000954                EXTI2_IRQHandler
                0x0000000008000954                TIM8_CC_IRQHandler
                0x0000000008000954                HRTIM1_Master_IRQHandler
                0x0000000008000954                DebugMon_Handler
                0x0000000008000954                TIM1_CC_IRQHandler
                0x0000000008000954                BDMA_Channel6_IRQHandler
                0x0000000008000954                DMA2_Stream5_IRQHandler
                0x0000000008000954                HRTIM1_FLT_IRQHandler
                0x0000000008000954                JPEG_IRQHandler
                0x0000000008000954                BDMA_Channel1_IRQHandler
                0x0000000008000954                HRTIM1_TIMD_IRQHandler
                0x0000000008000954                TAMP_STAMP_IRQHandler
                0x0000000008000954                PendSV_Handler
                0x0000000008000954                NMI_Handler
                0x0000000008000954                EXTI3_IRQHandler
                0x0000000008000954                LPTIM4_IRQHandler
                0x0000000008000954                TIM8_TRG_COM_TIM14_IRQHandler
                0x0000000008000954                LPTIM2_IRQHandler
                0x0000000008000954                DFSDM1_FLT1_IRQHandler
                0x0000000008000954                DMAMUX2_OVR_IRQHandler
                0x0000000008000954                TIM8_UP_TIM13_IRQHandler
                0x0000000008000954                I2C3_ER_IRQHandler
                0x0000000008000954                DFSDM1_FLT2_IRQHandler
                0x0000000008000954                MDMA_IRQHandler
                0x0000000008000954                LPTIM3_IRQHandler
                0x0000000008000954                HSEM1_IRQHandler
                0x0000000008000954                EXTI0_IRQHandler
                0x0000000008000954                DMA1_Stream2_IRQHandler
                0x0000000008000954                FPU_IRQHandler
                0x0000000008000954                OTG_HS_WKUP_IRQHandler
                0x0000000008000954                FDCAN1_IT1_IRQHandler
                0x0000000008000954                UsageFault_Handler
                0x0000000008000954                LTDC_ER_IRQHandler
                0x0000000008000954                HRTIM1_TIME_IRQHandler
                0x0000000008000954                TIM6_DAC_IRQHandler
                0x0000000008000954                DCMI_IRQHandler
                0x0000000008000954                HRTIM1_TIMC_IRQHandler
                0x0000000008000954                SAI2_IRQHandler
                0x0000000008000954                DFSDM1_FLT3_IRQHandler
                0x0000000008000954                TIM17_IRQHandler
                0x0000000008000954                CRYP_IRQHandler
                0x0000000008000954                BDMA_Channel7_IRQHandler
                0x0000000008000954                LPTIM5_IRQHandler
                0x0000000008000954                ADC3_IRQHandler
                0x0000000008000954                DMA2_Stream0_IRQHandler
                0x0000000008000954                BDMA_Channel2_IRQHandler
                0x0000000008000954                DMAMUX1_OVR_IRQHandler
                0x0000000008000954                TIM16_IRQHandler
                0x0000000008000954                BDMA_Channel5_IRQHandler
                0x0000000008000954                RCC_IRQHandler
                0x0000000008000954                TIM8_BRK_TIM12_IRQHandler
                0x0000000008000954                TIM1_TRG_COM_IRQHandler
                0x0000000008000954                Default_Handler
                0x0000000008000954                ECC_IRQHandler
                0x0000000008000954                CEC_IRQHandler
                0x0000000008000954                EXTI15_10_IRQHandler
                0x0000000008000954                BDMA_Channel0_IRQHandler
                0x0000000008000954                ADC_IRQHandler
                0x0000000008000954                DMA1_Stream7_IRQHandler
                0x0000000008000954                HRTIM1_TIMA_IRQHandler
                0x0000000008000954                TIM7_IRQHandler
                0x0000000008000954                SDMMC1_IRQHandler
                0x0000000008000954                DMA2_Stream7_IRQHandler
                0x0000000008000954                TIM15_IRQHandler
                0x0000000008000954                PVD_AVD_IRQHandler
                0x0000000008000954                EXTI9_5_IRQHandler
                0x0000000008000954                RTC_WKUP_IRQHandler
                0x0000000008000954                LTDC_IRQHandler
                0x0000000008000954                SAI3_IRQHandler
                0x0000000008000954                ETH_WKUP_IRQHandler
                0x0000000008000954                SPDIF_RX_IRQHandler
                0x0000000008000954                MemManage_Handler
                0x0000000008000954                SVC_Handler
                0x0000000008000954                CRS_IRQHandler
                0x0000000008000954                EXTI4_IRQHandler
                0x0000000008000954                HRTIM1_TIMB_IRQHandler
                0x0000000008000954                FDCAN2_IT1_IRQHandler
                0x0000000008000954                ETH_IRQHandler
                0x0000000008000954                TIM1_UP_IRQHandler
                0x0000000008000954                BDMA_Channel4_IRQHandler
                0x0000000008000954                WWDG_IRQHandler
                0x0000000008000954                SPI6_IRQHandler
                0x0000000008000954                I2C4_EV_IRQHandler
                0x0000000008000954                MDIOS_IRQHandler
                0x0000000008000954                FDCAN2_IT0_IRQHandler
                0x0000000008000954                FDCAN1_IT0_IRQHandler
                0x0000000008000954                OTG_FS_WKUP_IRQHandler
                0x0000000008000954                DMA2D_IRQHandler
                0x0000000008000954                TIM1_BRK_IRQHandler
                0x0000000008000954                EXTI1_IRQHandler
                0x0000000008000954                SDMMC2_IRQHandler
                0x0000000008000954                OTG_FS_EP1_OUT_IRQHandler
                0x0000000008000954                BDMA_Channel3_IRQHandler
                0x0000000008000954                MDIOS_WKUP_IRQHandler
                0x0000000008000954                DFSDM1_FLT0_IRQHandler
                0x0000000008000954                SAI4_IRQHandler
                0x0000000008000954                I2C2_ER_IRQHandler
                0x0000000008000954                DMA2_Stream1_IRQHandler
                0x0000000008000954                FLASH_IRQHandler
                0x0000000008000954                BusFault_Handler
                0x0000000008000954                OTG_FS_IRQHandler
                0x0000000008000954                WAKEUP_PIN_IRQHandler
                0x0000000008000954                OTG_FS_EP1_IN_IRQHandler
                0x0000000008000954                I2C1_ER_IRQHandler
                0x0000000008000954                FMC_IRQHandler
                0x0000000008000954                FDCAN_CAL_IRQHandler
                0x0000000008000954                SWPMI1_IRQHandler
                0x0000000008000954                COMP1_IRQHandler
                0x0000000008000954                LPTIM1_IRQHandler
                0x0000000008000954                I2C4_ER_IRQHandler
                0x0000000008000954                DMA2_Stream6_IRQHandler
                0x0000000008000954                RTC_Alarm_IRQHandler
 .text.Reset_Handler
                0x0000000008000958       0x44 build/startup_stm32h750xx.o
                0x0000000008000958                Reset_Handler
 .text._ZN5daisy9DaisySeedD2Ev
                0x000000000800099c        0x4 build/daisy_verb.o
                0x000000000800099c                daisy::DaisySeed::~DaisySeed()
                0x000000000800099c                daisy::DaisySeed::~DaisySeed()
 .text._ZN7daisysp10OscillatorD2Ev
                0x00000000080009a0        0x4 build/daisy_verb.o
                0x00000000080009a0                daisysp::Oscillator::~Oscillator()
                0x00000000080009a0                daisysp::Oscillator::~Oscillator()
 .text._Z13AudioCallbackPKPKfPPfj
                0x00000000080009a4       0x34 build/daisy_verb.o
                0x00000000080009a4                AudioCallback(float const* const*, float**, unsigned int)
 .text.startup.main
                0x00000000080009d8       0xbc build/daisy_verb.o
                0x00000000080009d8                main
 .text.startup._GLOBAL__sub_I_hw
                0x0000000008000a94       0x38 build/daisy_verb.o
 .text._ZN5daisy9DaisySeed9ConfigureEv
                0x0000000008000acc        0x4 ../../libDaisy//build/libdaisy.a(daisy_seed.o)
                0x0000000008000acc                daisy::DaisySeed::Configure()
 .text._ZN5daisy9DaisySeed10StartAudioEPFvPKPKfPPfjE
                0x0000000008000ad0        0x8 ../../libDaisy//build/libdaisy.a(daisy_seed.o)
                0x0000000008000ad0                daisy::DaisySeed::StartAudio(void (*)(float const* const*, float**, unsigned int))
 .text._ZN5daisy9DaisySeed18SetAudioSampleRateENS_9SaiHandle6Config10SampleRateE
                0x0000000008000ad8       0x38 ../../libDaisy//build/libdaisy.a(daisy_seed.o)
                0x0000000008000ad8                daisy::DaisySeed::SetAudioSampleRate(daisy::SaiHandle::Config::SampleRate)
 .text._ZN5daisy9DaisySeed15AudioSampleRateEv
                0x0000000008000b10        0x8 ../../libDaisy//build/libdaisy.a(daisy_seed.o)
                0x0000000008000b10                daisy::DaisySeed::AudioSampleRate()
 .text._ZN5daisy9DaisySeed17SetAudioBlockSizeEj
                0x0000000008000b18       0x38 ../../libDaisy//build/libdaisy.a(daisy_seed.o)
                0x0000000008000b18                daisy::DaisySeed::SetAudioBlockSize(unsigned int)
 .text._ZN5daisy9DaisySeed6SetLedEb
                0x0000000008000b50        0x8 ../../libDaisy//build/libdaisy.a(daisy_seed.o)
                0x0000000008000b50                daisy::DaisySeed::SetLed(bool)
 .text._ZN5daisy9DaisySeed17CheckBoardVersionEv
                0x0000000008000b58       0x6c ../../libDaisy//build/libdaisy.a(daisy_seed.o)
                0x0000000008000b58                daisy::DaisySeed::CheckBoardVersion()
 .text._ZN5daisy9DaisySeed14ConfigureAudioEv
                0x0000000008000bc4      0x10c ../../libDaisy//build/libdaisy.a(daisy_seed.o)
                0x0000000008000bc4                daisy::DaisySeed::ConfigureAudio()
 .text._ZN5daisy9DaisySeed4InitEb
                0x0000000008000cd0      0x108 ../../libDaisy//build/libdaisy.a(daisy_seed.o)
                0x0000000008000cd0                daisy::DaisySeed::Init(bool)
 .text._ZN5daisy6Ak45564InitE12dsy_gpio_pin
                0x0000000008000dd8       0x44 ../../libDaisy//build/libdaisy.a(codec_ak4556.o)
                0x0000000008000dd8                daisy::Ak4556::Init(dsy_gpio_pin)
 .text._ZN5daisy6Wm873120WriteControlRegisterEht
                0x0000000008000e1c       0x3c ../../libDaisy//build/libdaisy.a(codec_wm8731.o)
                0x0000000008000e1c                daisy::Wm8731::WriteControlRegister(unsigned char, unsigned short)
 .text._ZN5daisy6Wm87314InitERKNS0_6ConfigENS_9I2CHandleE
                0x0000000008000e58      0x1bc ../../libDaisy//build/libdaisy.a(codec_wm8731.o)
                0x0000000008000e58                daisy::Wm8731::Init(daisy::Wm8731::Config const&, daisy::I2CHandle)
 .text._ZN11SdramHandle10DeviceInitEv
                0x0000000008001014       0x98 ../../libDaisy//build/libdaisy.a(sdram.o)
                0x0000000008001014                SdramHandle::DeviceInit()
 .text._ZN11SdramHandle4InitEv
                0x00000000080010ac       0x7c ../../libDaisy//build/libdaisy.a(sdram.o)
                0x00000000080010ac                SdramHandle::Init()
 .text.HAL_SDRAM_MspInit
                0x0000000008001128      0x1a8 ../../libDaisy//build/libdaisy.a(sdram.o)
                0x0000000008001128                HAL_SDRAM_MspInit
 .text._ZN5daisy11AudioHandle4Impl16InternalCallbackEPlS2_j
                0x00000000080012d0      0xbbc ../../libDaisy//build/libdaisy.a(audio.o)
                0x00000000080012d0                daisy::AudioHandle::Impl::InternalCallback(long*, long*, unsigned int)
 .text._ZN5daisy11AudioHandle4InitERKNS0_6ConfigENS_9SaiHandleE
                0x0000000008001e8c       0x70 ../../libDaisy//build/libdaisy.a(audio.o)
                0x0000000008001e8c                daisy::AudioHandle::Init(daisy::AudioHandle::Config const&, daisy::SaiHandle)
 .text._ZNK5daisy11AudioHandle9GetConfigEv
                0x0000000008001efc        0x8 ../../libDaisy//build/libdaisy.a(audio.o)
                0x0000000008001efc                daisy::AudioHandle::GetConfig() const
 .text._ZN5daisy11AudioHandle12SetBlockSizeEj
                0x0000000008001f04       0x1c ../../libDaisy//build/libdaisy.a(audio.o)
                0x0000000008001f04                daisy::AudioHandle::SetBlockSize(unsigned int)
 .text._ZN5daisy11AudioHandle13GetSampleRateEv
                0x0000000008001f20        0x8 ../../libDaisy//build/libdaisy.a(audio.o)
                0x0000000008001f20                daisy::AudioHandle::GetSampleRate()
 .text._ZN5daisy11AudioHandle13SetSampleRateENS_9SaiHandle6Config10SampleRateE
                0x0000000008001f28       0x88 ../../libDaisy//build/libdaisy.a(audio.o)
                0x0000000008001f28                daisy::AudioHandle::SetSampleRate(daisy::SaiHandle::Config::SampleRate)
 .text._ZN5daisy11AudioHandle5StartEPFvPKPKfPPfjE
                0x0000000008001fb0       0x44 ../../libDaisy//build/libdaisy.a(audio.o)
                0x0000000008001fb0                daisy::AudioHandle::Start(void (*)(float const* const*, float**, unsigned int))
 .text.startup._GLOBAL__sub_I__ZN5daisy11AudioHandle4Impl4InitENS0_6ConfigENS_9SaiHandleE
                0x0000000008001ff4       0x24 ../../libDaisy//build/libdaisy.a(audio.o)
 .text._ZN5daisy4GPIO4InitENS_3PinENS0_4ModeENS0_4PullENS0_5SpeedE
                0x0000000008002018      0x1cc ../../libDaisy//build/libdaisy.a(gpio.o)
                0x0000000008002018                daisy::GPIO::Init(daisy::Pin, daisy::GPIO::Mode, daisy::GPIO::Pull, daisy::GPIO::Speed)
 .text._ZN5daisy4GPIO4ReadEv
                0x00000000080021e4       0x18 ../../libDaisy//build/libdaisy.a(gpio.o)
                0x00000000080021e4                daisy::GPIO::Read()
 .text._ZN5daisy4GPIO5WriteEb
                0x00000000080021fc       0x14 ../../libDaisy//build/libdaisy.a(gpio.o)
                0x00000000080021fc                daisy::GPIO::Write(bool)
 .text.dsy_gpio_init
                0x0000000008002210      0x1b8 ../../libDaisy//build/libdaisy.a(gpio.o)
                0x0000000008002210                dsy_gpio_init
 .text.dsy_gpio_write
                0x00000000080023c8       0x24 ../../libDaisy//build/libdaisy.a(gpio.o)
                0x00000000080023c8                dsy_gpio_write
 .text._ZN5daisy9I2CHandle4Impl8InitPinsEv
                0x00000000080023ec       0x58 ../../libDaisy//build/libdaisy.a(i2c.o)
                0x00000000080023ec                daisy::I2CHandle::Impl::InitPins()
 .text.HAL_I2C_MspInit
                0x0000000008002444      0x1b4 ../../libDaisy//build/libdaisy.a(i2c.o)
                0x0000000008002444                HAL_I2C_MspInit
 .text.dsy_i2c_global_init
                0x00000000080025f8       0x78 ../../libDaisy//build/libdaisy.a(i2c.o)
                0x00000000080025f8                dsy_i2c_global_init
 .text.DMA1_Stream6_IRQHandler
                0x0000000008002670       0x34 ../../libDaisy//build/libdaisy.a(i2c.o)
                0x0000000008002670                DMA1_Stream6_IRQHandler
 .text.I2C1_EV_IRQHandler
                0x00000000080026a4        0xc ../../libDaisy//build/libdaisy.a(i2c.o)
                0x00000000080026a4                I2C1_EV_IRQHandler
 .text.I2C2_EV_IRQHandler
                0x00000000080026b0        0xc ../../libDaisy//build/libdaisy.a(i2c.o)
                0x00000000080026b0                I2C2_EV_IRQHandler
 .text.I2C3_EV_IRQHandler
                0x00000000080026bc        0xc ../../libDaisy//build/libdaisy.a(i2c.o)
                0x00000000080026bc                I2C3_EV_IRQHandler
 .text._ZN5daisy9I2CHandle4InitERKNS0_6ConfigE
                0x00000000080026c8      0x12c ../../libDaisy//build/libdaisy.a(i2c.o)
                0x00000000080026c8                daisy::I2CHandle::Init(daisy::I2CHandle::Config const&)
 .text._ZN5daisy9I2CHandle16TransmitBlockingEtPhtm
                0x00000000080027f4       0x50 ../../libDaisy//build/libdaisy.a(i2c.o)
                0x00000000080027f4                daisy::I2CHandle::TransmitBlocking(unsigned short, unsigned char*, unsigned short, unsigned long)
 .text.startup._GLOBAL__sub_I__ZN5daisy9I2CHandle4Impl10GlobalInitEv
                0x0000000008002844       0x18 ../../libDaisy//build/libdaisy.a(i2c.o)
 .text._ZN5daisy10QSPIHandle4Impl11WriteEnableEv
                0x000000000800285c       0x8c ../../libDaisy//build/libdaisy.a(qspi.o)
                0x000000000800285c                daisy::QSPIHandle::Impl::WriteEnable()
 .text._ZN5daisy10QSPIHandle4Impl17DummyCyclesConfigENS0_6Config6DeviceE
                0x00000000080028e8      0x118 ../../libDaisy//build/libdaisy.a(qspi.o)
                0x00000000080028e8                daisy::QSPIHandle::Impl::DummyCyclesConfig(daisy::QSPIHandle::Config::Device)
 .text._ZN5daisy10QSPIHandle4Impl10QuadEnableEv
                0x0000000008002a00      0x158 ../../libDaisy//build/libdaisy.a(qspi.o)
                0x0000000008002a00                daisy::QSPIHandle::Impl::QuadEnable()
 .text._ZN5daisy10QSPIHandle4InitERKNS0_6ConfigE
                0x0000000008002b58      0x198 ../../libDaisy//build/libdaisy.a(qspi.o)
                0x0000000008002b58                daisy::QSPIHandle::Init(daisy::QSPIHandle::Config const&)
 .text.HAL_QSPI_MspInit
                0x0000000008002cf0      0x11c ../../libDaisy//build/libdaisy.a(qspi.o)
                0x0000000008002cf0                HAL_QSPI_MspInit
 .text.HAL_QSPI_MspDeInit
                0x0000000008002e0c       0x54 ../../libDaisy//build/libdaisy.a(qspi.o)
                0x0000000008002e0c                HAL_QSPI_MspDeInit
 .text.QUADSPI_IRQHandler
                0x0000000008002e60        0xc ../../libDaisy//build/libdaisy.a(qspi.o)
                0x0000000008002e60                QUADSPI_IRQHandler
 .text.startup._GLOBAL__sub_I__ZN5daisy10QSPIHandle4Impl4InitERKNS0_6ConfigE
                0x0000000008002e6c       0x28 ../../libDaisy//build/libdaisy.a(qspi.o)
 .text._ZN5daisy9SaiHandle4Impl7InitDmaENS1_15PeripheralBlockE
                0x0000000008002e94       0xa0 ../../libDaisy//build/libdaisy.a(sai.o)
                0x0000000008002e94                daisy::SaiHandle::Impl::InitDma(daisy::SaiHandle::Impl::PeripheralBlock)
 .text._ZN5daisy9SaiHandle4Impl8InitPinsEv
                0x0000000008002f34       0xa8 ../../libDaisy//build/libdaisy.a(sai.o)
                0x0000000008002f34                daisy::SaiHandle::Impl::InitPins()
 .text.HAL_SAI_MspInit
                0x0000000008002fdc      0x164 ../../libDaisy//build/libdaisy.a(sai.o)
                0x0000000008002fdc                HAL_SAI_MspInit
 .text.DMA1_Stream0_IRQHandler
                0x0000000008003140        0xc ../../libDaisy//build/libdaisy.a(sai.o)
                0x0000000008003140                DMA1_Stream0_IRQHandler
 .text.DMA1_Stream1_IRQHandler
                0x000000000800314c        0xc ../../libDaisy//build/libdaisy.a(sai.o)
                0x000000000800314c                DMA1_Stream1_IRQHandler
 .text.DMA1_Stream3_IRQHandler
                0x0000000008003158        0xc ../../libDaisy//build/libdaisy.a(sai.o)
                0x0000000008003158                DMA1_Stream3_IRQHandler
 .text.DMA1_Stream4_IRQHandler
                0x0000000008003164        0xc ../../libDaisy//build/libdaisy.a(sai.o)
                0x0000000008003164                DMA1_Stream4_IRQHandler
 .text.HAL_SAI_RxHalfCpltCallback
                0x0000000008003170       0x78 ../../libDaisy//build/libdaisy.a(sai.o)
                0x0000000008003170                HAL_SAI_RxHalfCpltCallback
 .text.HAL_SAI_RxCpltCallback
                0x00000000080031e8       0x70 ../../libDaisy//build/libdaisy.a(sai.o)
                0x00000000080031e8                HAL_SAI_RxCpltCallback
 .text._ZN5daisy9SaiHandle4InitERKNS0_6ConfigE
                0x0000000008003258      0x1f0 ../../libDaisy//build/libdaisy.a(sai.o)
                0x0000000008003258                daisy::SaiHandle::Init(daisy::SaiHandle::Config const&)
 .text._ZNK5daisy9SaiHandle9GetConfigEv
                0x0000000008003448        0x4 ../../libDaisy//build/libdaisy.a(sai.o)
                0x0000000008003448                daisy::SaiHandle::GetConfig() const
 .text._ZN5daisy9SaiHandle8StartDmaEPlS1_jPFvS1_S1_jE
                0x000000000800344c       0xbc ../../libDaisy//build/libdaisy.a(sai.o)
                0x000000000800344c                daisy::SaiHandle::StartDma(long*, long*, unsigned int, void (*)(long*, long*, unsigned int))
 .text._ZN5daisy9SaiHandle13GetSampleRateEv
                0x0000000008003508       0x24 ../../libDaisy//build/libdaisy.a(sai.o)
                0x0000000008003508                daisy::SaiHandle::GetSampleRate()
 .text._ZNK5daisy9SaiHandle9GetOffsetEv
                0x000000000800352c        0x8 ../../libDaisy//build/libdaisy.a(sai.o)
                0x000000000800352c                daisy::SaiHandle::GetOffset() const
 .text._ZN5daisy11TimerHandleD2Ev
                0x0000000008003534        0x4 ../../libDaisy//build/libdaisy.a(system.o)
                0x0000000008003534                daisy::TimerHandle::~TimerHandle()
                0x0000000008003534                daisy::TimerHandle::~TimerHandle()
 .text.SysTick_Handler
                0x0000000008003538       0x10 ../../libDaisy//build/libdaisy.a(system.o)
                0x0000000008003538                SysTick_Handler
 .text.OTG_HS_EP1_OUT_IRQHandler
                0x0000000008003548       0x24 ../../libDaisy//build/libdaisy.a(system.o)
                0x0000000008003548                OTG_HS_EP1_OUT_IRQHandler
 .text.OTG_HS_EP1_IN_IRQHandler
                0x000000000800356c       0x24 ../../libDaisy//build/libdaisy.a(system.o)
                0x000000000800356c                OTG_HS_EP1_IN_IRQHandler
 .text.OTG_HS_IRQHandler
                0x0000000008003590       0x24 ../../libDaisy//build/libdaisy.a(system.o)
                0x0000000008003590                OTG_HS_IRQHandler
 .text.HardFault_Handler
                0x00000000080035b4       0xe0 ../../libDaisy//build/libdaisy.a(system.o)
                0x00000000080035b4                HardFault_Handler
 .text._ZN5daisy6System5DelayEm
                0x0000000008003694        0x4 ../../libDaisy//build/libdaisy.a(system.o)
                0x0000000008003694                daisy::System::Delay(unsigned long)
 .text._ZN5daisy6System20GetBootloaderVersionEv
                0x0000000008003698       0x34 ../../libDaisy//build/libdaisy.a(system.o)
                0x0000000008003698                daisy::System::GetBootloaderVersion()
 .text._ZN5daisy6System15ConfigureClocksEv
                0x00000000080036cc      0x194 ../../libDaisy//build/libdaisy.a(system.o)
                0x00000000080036cc                daisy::System::ConfigureClocks()
 .text._ZN5daisy6System12ConfigureMpuEv
                0x0000000008003860       0x7c ../../libDaisy//build/libdaisy.a(system.o)
                0x0000000008003860                daisy::System::ConfigureMpu()
 .text._ZN5daisy6System4InitERKNS0_6ConfigE
                0x00000000080038dc       0xec ../../libDaisy//build/libdaisy.a(system.o)
                0x00000000080038dc                daisy::System::Init(daisy::System::Config const&)
 .text._ZN5daisy6System12GetPClk1FreqEv
                0x00000000080039c8        0x4 ../../libDaisy//build/libdaisy.a(system.o)
                0x00000000080039c8                daisy::System::GetPClk1Freq()
 .text._ZN5daisy6System22GetProgramMemoryRegionEv
                0x00000000080039cc       0x78 ../../libDaisy//build/libdaisy.a(system.o)
                0x00000000080039cc                daisy::System::GetProgramMemoryRegion()
 .text.startup._GLOBAL__sub_I__ZN5daisy9boot_infoE
                0x0000000008003a44       0x1c ../../libDaisy//build/libdaisy.a(system.o)
 .text.SystemInit
                0x0000000008003a60       0x9c ../../libDaisy//build/libdaisy.a(system_stm32h7xx.o)
                0x0000000008003a60                SystemInit
 .text.HAL_PCD_SetupStageCallback
                0x0000000008003afc        0xc ../../libDaisy//build/libdaisy.a(usbd_conf.o)
                0x0000000008003afc                HAL_PCD_SetupStageCallback
 .text.HAL_PCD_DataOutStageCallback
                0x0000000008003b08       0x14 ../../libDaisy//build/libdaisy.a(usbd_conf.o)
                0x0000000008003b08                HAL_PCD_DataOutStageCallback
 .text.HAL_PCD_DataInStageCallback
                0x0000000008003b1c       0x14 ../../libDaisy//build/libdaisy.a(usbd_conf.o)
                0x0000000008003b1c                HAL_PCD_DataInStageCallback
 .text.HAL_PCD_SOFCallback
                0x0000000008003b30        0x8 ../../libDaisy//build/libdaisy.a(usbd_conf.o)
                0x0000000008003b30                HAL_PCD_SOFCallback
 .text.HAL_PCD_ResetCallback
                0x0000000008003b38       0x24 ../../libDaisy//build/libdaisy.a(usbd_conf.o)
                0x0000000008003b38                HAL_PCD_ResetCallback
 .text.HAL_PCD_SuspendCallback
                0x0000000008003b5c       0x30 ../../libDaisy//build/libdaisy.a(usbd_conf.o)
                0x0000000008003b5c                HAL_PCD_SuspendCallback
 .text.HAL_PCD_ResumeCallback
                0x0000000008003b8c        0x8 ../../libDaisy//build/libdaisy.a(usbd_conf.o)
                0x0000000008003b8c                HAL_PCD_ResumeCallback
 .text.HAL_PCD_ISOOUTIncompleteCallback
                0x0000000008003b94        0x8 ../../libDaisy//build/libdaisy.a(usbd_conf.o)
                0x0000000008003b94                HAL_PCD_ISOOUTIncompleteCallback
 .text.HAL_PCD_ISOINIncompleteCallback
                0x0000000008003b9c        0x8 ../../libDaisy//build/libdaisy.a(usbd_conf.o)
                0x0000000008003b9c                HAL_PCD_ISOINIncompleteCallback
 .text.HAL_PCD_ConnectCallback
                0x0000000008003ba4        0x8 ../../libDaisy//build/libdaisy.a(usbd_conf.o)
                0x0000000008003ba4                HAL_PCD_ConnectCallback
 .text.HAL_PCD_DisconnectCallback
                0x0000000008003bac        0x8 ../../libDaisy//build/libdaisy.a(usbd_conf.o)
                0x0000000008003bac                HAL_PCD_DisconnectCallback
 .text.USBD_LL_OpenEP
                0x0000000008003bb4       0x24 ../../libDaisy//build/libdaisy.a(usbd_conf.o)
                0x0000000008003bb4                USBD_LL_OpenEP
 .text.USBD_LL_StallEP
                0x0000000008003bd8       0x1c ../../libDaisy//build/libdaisy.a(usbd_conf.o)
                0x0000000008003bd8                USBD_LL_StallEP
 .text.USBD_LL_ClearStallEP
                0x0000000008003bf4       0x1c ../../libDaisy//build/libdaisy.a(usbd_conf.o)
                0x0000000008003bf4                USBD_LL_ClearStallEP
 .text.USBD_LL_IsStallEP
                0x0000000008003c10       0x28 ../../libDaisy//build/libdaisy.a(usbd_conf.o)
                0x0000000008003c10                USBD_LL_IsStallEP
 .text.USBD_LL_SetUSBAddress
                0x0000000008003c38       0x1c ../../libDaisy//build/libdaisy.a(usbd_conf.o)
                0x0000000008003c38                USBD_LL_SetUSBAddress
 .text.USBD_LL_Transmit
                0x0000000008003c54       0x1c ../../libDaisy//build/libdaisy.a(usbd_conf.o)
                0x0000000008003c54                USBD_LL_Transmit
 .text.USBD_LL_PrepareReceive
                0x0000000008003c70       0x1c ../../libDaisy//build/libdaisy.a(usbd_conf.o)
                0x0000000008003c70                USBD_LL_PrepareReceive
 .text.HAL_HCD_SOF_Callback
                0x0000000008003c8c        0x8 ../../libDaisy//build/libdaisy.a(usbh_conf.o)
                0x0000000008003c8c                HAL_HCD_SOF_Callback
 .text.HAL_HCD_Connect_Callback
                0x0000000008003c94        0x8 ../../libDaisy//build/libdaisy.a(usbh_conf.o)
                0x0000000008003c94                HAL_HCD_Connect_Callback
 .text.HAL_HCD_Disconnect_Callback
                0x0000000008003c9c        0x8 ../../libDaisy//build/libdaisy.a(usbh_conf.o)
                0x0000000008003c9c                HAL_HCD_Disconnect_Callback
 .text.HAL_HCD_HC_NotifyURBChange_Callback
                0x0000000008003ca4        0x4 ../../libDaisy//build/libdaisy.a(usbh_conf.o)
                0x0000000008003ca4                HAL_HCD_HC_NotifyURBChange_Callback
 .text.HAL_HCD_PortEnabled_Callback
                0x0000000008003ca8        0x8 ../../libDaisy//build/libdaisy.a(usbh_conf.o)
                0x0000000008003ca8                HAL_HCD_PortEnabled_Callback
 .text.HAL_HCD_PortDisabled_Callback
                0x0000000008003cb0        0x8 ../../libDaisy//build/libdaisy.a(usbh_conf.o)
                0x0000000008003cb0                HAL_HCD_PortDisabled_Callback
 .text.USBH_LL_Stop
                0x0000000008003cb8       0x1c ../../libDaisy//build/libdaisy.a(usbh_conf.o)
                0x0000000008003cb8                USBH_LL_Stop
 .text.dsy_hal_map_get_port
                0x0000000008003cd4       0x10 ../../libDaisy//build/libdaisy.a(hal_map.o)
                0x0000000008003cd4                dsy_hal_map_get_port
 .text.dsy_hal_map_get_pin
                0x0000000008003ce4       0x10 ../../libDaisy//build/libdaisy.a(hal_map.o)
                0x0000000008003ce4                dsy_hal_map_get_pin
 .text.dsy_hal_map_gpio_clk_enable
                0x0000000008003cf4      0x150 ../../libDaisy//build/libdaisy.a(hal_map.o)
                0x0000000008003cf4                dsy_hal_map_gpio_clk_enable
 .text.HAL_MspInit
                0x0000000008003e44        0x4 ../../libDaisy//build/libdaisy.a(stm32h7xx_hal.o)
                0x0000000008003e44                HAL_MspInit
 .text.HAL_InitTick
                0x0000000008003e48       0x4c ../../libDaisy//build/libdaisy.a(stm32h7xx_hal.o)
                0x0000000008003e48                HAL_InitTick
 .text.HAL_Init
                0x0000000008003e94       0x60 ../../libDaisy//build/libdaisy.a(stm32h7xx_hal.o)
                0x0000000008003e94                HAL_Init
 .text.HAL_IncTick
                0x0000000008003ef4       0x18 ../../libDaisy//build/libdaisy.a(stm32h7xx_hal.o)
                0x0000000008003ef4                HAL_IncTick
 .text.HAL_GetTick
                0x0000000008003f0c        0xc ../../libDaisy//build/libdaisy.a(stm32h7xx_hal.o)
                0x0000000008003f0c                HAL_GetTick
 .text.HAL_Delay
                0x0000000008003f18       0x24 ../../libDaisy//build/libdaisy.a(stm32h7xx_hal.o)
                0x0000000008003f18                HAL_Delay
 .text.HAL_GetREVID
                0x0000000008003f3c        0xc ../../libDaisy//build/libdaisy.a(stm32h7xx_hal.o)
                0x0000000008003f3c                HAL_GetREVID
 .text.HAL_NVIC_SetPriorityGrouping
                0x0000000008003f48       0x24 ../../libDaisy//build/libdaisy.a(stm32h7xx_hal_cortex.o)
                0x0000000008003f48                HAL_NVIC_SetPriorityGrouping
 .text.HAL_NVIC_SetPriority
                0x0000000008003f6c       0x7c ../../libDaisy//build/libdaisy.a(stm32h7xx_hal_cortex.o)
                0x0000000008003f6c                HAL_NVIC_SetPriority
 .text.HAL_NVIC_EnableIRQ
                0x0000000008003fe8       0x1c ../../libDaisy//build/libdaisy.a(stm32h7xx_hal_cortex.o)
                0x0000000008003fe8                HAL_NVIC_EnableIRQ
 .text.HAL_NVIC_DisableIRQ
                0x0000000008004004       0x28 ../../libDaisy//build/libdaisy.a(stm32h7xx_hal_cortex.o)
                0x0000000008004004                HAL_NVIC_DisableIRQ
 .text.HAL_SYSTICK_Config
                0x000000000800402c       0x2c ../../libDaisy//build/libdaisy.a(stm32h7xx_hal_cortex.o)
                0x000000000800402c                HAL_SYSTICK_Config
 .text.HAL_MPU_Disable
                0x0000000008004058       0x1c ../../libDaisy//build/libdaisy.a(stm32h7xx_hal_cortex.o)
                0x0000000008004058                HAL_MPU_Disable
 .text.HAL_MPU_Enable
                0x0000000008004074       0x20 ../../libDaisy//build/libdaisy.a(stm32h7xx_hal_cortex.o)
                0x0000000008004074                HAL_MPU_Enable
 .text.HAL_MPU_ConfigRegion
                0x0000000008004094       0x64 ../../libDaisy//build/libdaisy.a(stm32h7xx_hal_cortex.o)
                0x0000000008004094                HAL_MPU_ConfigRegion
 .text.HAL_SYSTICK_Callback
                0x00000000080040f8        0x4 ../../libDaisy//build/libdaisy.a(stm32h7xx_hal_cortex.o)
                0x00000000080040f8                HAL_SYSTICK_Callback
 .text.HAL_SYSTICK_IRQHandler
                0x00000000080040fc        0x8 ../../libDaisy//build/libdaisy.a(stm32h7xx_hal_cortex.o)
                0x00000000080040fc                HAL_SYSTICK_IRQHandler
 .text.DMA_CalcBaseAndBitshift
                0x0000000008004104       0xf4 ../../libDaisy//build/libdaisy.a(stm32h7xx_hal_dma.o)
 .text.DMA_CalcDMAMUXChannelBaseAndMask
                0x00000000080041f8       0xd8 ../../libDaisy//build/libdaisy.a(stm32h7xx_hal_dma.o)
 .text.HAL_DMA_Init
                0x00000000080042d0      0x37c ../../libDaisy//build/libdaisy.a(stm32h7xx_hal_dma.o)
                0x00000000080042d0                HAL_DMA_Init
 .text.HAL_DMA_Start_IT
                0x000000000800464c      0x240 ../../libDaisy//build/libdaisy.a(stm32h7xx_hal_dma.o)
                0x000000000800464c                HAL_DMA_Start_IT
 .text.HAL_DMA_Abort_IT
                0x000000000800488c      0x134 ../../libDaisy//build/libdaisy.a(stm32h7xx_hal_dma.o)
                0x000000000800488c                HAL_DMA_Abort_IT
 .text.HAL_DMA_IRQHandler
                0x00000000080049c0      0x6a0 ../../libDaisy//build/libdaisy.a(stm32h7xx_hal_dma.o)
                0x00000000080049c0                HAL_DMA_IRQHandler
 .text.HAL_DMA_GetError
                0x0000000008005060        0x4 ../../libDaisy//build/libdaisy.a(stm32h7xx_hal_dma.o)
                0x0000000008005060                HAL_DMA_GetError
 .text.HAL_GPIO_Init
                0x0000000008005064      0x280 ../../libDaisy//build/libdaisy.a(stm32h7xx_hal_gpio.o)
                0x0000000008005064                HAL_GPIO_Init
 .text.HAL_GPIO_DeInit
                0x00000000080052e4      0x190 ../../libDaisy//build/libdaisy.a(stm32h7xx_hal_gpio.o)
                0x00000000080052e4                HAL_GPIO_DeInit
 .text.HAL_GPIO_ReadPin
                0x0000000008005474        0xc ../../libDaisy//build/libdaisy.a(stm32h7xx_hal_gpio.o)
                0x0000000008005474                HAL_GPIO_ReadPin
 .text.HAL_GPIO_WritePin
                0x0000000008005480        0x8 ../../libDaisy//build/libdaisy.a(stm32h7xx_hal_gpio.o)
                0x0000000008005480                HAL_GPIO_WritePin
 .text.HAL_HCD_IRQHandler
                0x0000000008005488      0x780 ../../libDaisy//build/libdaisy.a(stm32h7xx_hal_hcd.o)
                0x0000000008005488                HAL_HCD_IRQHandler
 .text.HAL_HCD_Stop
                0x0000000008005c08       0x28 ../../libDaisy//build/libdaisy.a(stm32h7xx_hal_hcd.o)
                0x0000000008005c08                HAL_HCD_Stop
 .text.I2C_WaitOnTXISFlagUntilTimeout
                0x0000000008005c30       0xb8 ../../libDaisy//build/libdaisy.a(stm32h7xx_hal_i2c.o)
 .text.I2C_WaitOnSTOPFlagUntilTimeout
                0x0000000008005ce8       0xac ../../libDaisy//build/libdaisy.a(stm32h7xx_hal_i2c.o)
 .text.HAL_I2C_Init
                0x0000000008005d94       0xac ../../libDaisy//build/libdaisy.a(stm32h7xx_hal_i2c.o)
                0x0000000008005d94                HAL_I2C_Init
 .text.HAL_I2C_Master_Transmit
                0x0000000008005e40      0x1a8 ../../libDaisy//build/libdaisy.a(stm32h7xx_hal_i2c.o)
                0x0000000008005e40                HAL_I2C_Master_Transmit
 .text.HAL_I2C_Slave_Transmit
                0x0000000008005fe8      0x1c8 ../../libDaisy//build/libdaisy.a(stm32h7xx_hal_i2c.o)
                0x0000000008005fe8                HAL_I2C_Slave_Transmit
 .text.HAL_I2C_EV_IRQHandler
                0x00000000080061b0       0x10 ../../libDaisy//build/libdaisy.a(stm32h7xx_hal_i2c.o)
                0x00000000080061b0                HAL_I2C_EV_IRQHandler
 .text.HAL_I2C_GetState
                0x00000000080061c0        0x8 ../../libDaisy//build/libdaisy.a(stm32h7xx_hal_i2c.o)
                0x00000000080061c0                HAL_I2C_GetState
 .text.HAL_I2CEx_ConfigAnalogFilter
                0x00000000080061c8       0x54 ../../libDaisy//build/libdaisy.a(stm32h7xx_hal_i2c_ex.o)
                0x00000000080061c8                HAL_I2CEx_ConfigAnalogFilter
 .text.HAL_I2CEx_ConfigDigitalFilter
                0x000000000800621c       0x58 ../../libDaisy//build/libdaisy.a(stm32h7xx_hal_i2c_ex.o)
                0x000000000800621c                HAL_I2CEx_ConfigDigitalFilter
 .text.HAL_PCD_IRQHandler
                0x0000000008006274      0x69c ../../libDaisy//build/libdaisy.a(stm32h7xx_hal_pcd.o)
                0x0000000008006274                HAL_PCD_IRQHandler
 .text.HAL_PCD_SetAddress
                0x0000000008006910       0x2c ../../libDaisy//build/libdaisy.a(stm32h7xx_hal_pcd.o)
                0x0000000008006910                HAL_PCD_SetAddress
 .text.HAL_PCD_EP_Open
                0x000000000800693c       0x7c ../../libDaisy//build/libdaisy.a(stm32h7xx_hal_pcd.o)
                0x000000000800693c                HAL_PCD_EP_Open
 .text.HAL_PCD_EP_Receive
                0x00000000080069b8       0x50 ../../libDaisy//build/libdaisy.a(stm32h7xx_hal_pcd.o)
                0x00000000080069b8                HAL_PCD_EP_Receive
 .text.HAL_PCD_EP_Transmit
                0x0000000008006a08       0x50 ../../libDaisy//build/libdaisy.a(stm32h7xx_hal_pcd.o)
                0x0000000008006a08                HAL_PCD_EP_Transmit
 .text.HAL_PCD_EP_SetStall
                0x0000000008006a58       0x88 ../../libDaisy//build/libdaisy.a(stm32h7xx_hal_pcd.o)
                0x0000000008006a58                HAL_PCD_EP_SetStall
 .text.HAL_PCD_EP_ClrStall
                0x0000000008006ae0       0x78 ../../libDaisy//build/libdaisy.a(stm32h7xx_hal_pcd.o)
                0x0000000008006ae0                HAL_PCD_EP_ClrStall
 .text.HAL_PCDEx_LPM_Callback
                0x0000000008006b58        0x4 ../../libDaisy//build/libdaisy.a(stm32h7xx_hal_pcd_ex.o)
                0x0000000008006b58                HAL_PCDEx_LPM_Callback
 .text.HAL_PWREx_ConfigSupply
                0x0000000008006b5c       0x4c ../../libDaisy//build/libdaisy.a(stm32h7xx_hal_pwr_ex.o)
                0x0000000008006b5c                HAL_PWREx_ConfigSupply
 .text.HAL_PWREx_EnableUSBVoltageDetector
                0x0000000008006ba8       0x10 ../../libDaisy//build/libdaisy.a(stm32h7xx_hal_pwr_ex.o)
                0x0000000008006ba8                HAL_PWREx_EnableUSBVoltageDetector
 .text.QSPI_Config
                0x0000000008006bb8      0x174 ../../libDaisy//build/libdaisy.a(stm32h7xx_hal_qspi.o)
 .text.HAL_QSPI_Init
                0x0000000008006d2c       0xd8 ../../libDaisy//build/libdaisy.a(stm32h7xx_hal_qspi.o)
                0x0000000008006d2c                HAL_QSPI_Init
 .text.HAL_QSPI_DeInit
                0x0000000008006e04       0x3c ../../libDaisy//build/libdaisy.a(stm32h7xx_hal_qspi.o)
                0x0000000008006e04                HAL_QSPI_DeInit
 .text.HAL_QSPI_Command
                0x0000000008006e40       0xd4 ../../libDaisy//build/libdaisy.a(stm32h7xx_hal_qspi.o)
                0x0000000008006e40                HAL_QSPI_Command
 .text.HAL_QSPI_Transmit
                0x0000000008006f14       0xfc ../../libDaisy//build/libdaisy.a(stm32h7xx_hal_qspi.o)
                0x0000000008006f14                HAL_QSPI_Transmit
 .text.HAL_QSPI_Receive
                0x0000000008007010      0x108 ../../libDaisy//build/libdaisy.a(stm32h7xx_hal_qspi.o)
                0x0000000008007010                HAL_QSPI_Receive
 .text.HAL_QSPI_AutoPolling
                0x0000000008007118       0xf0 ../../libDaisy//build/libdaisy.a(stm32h7xx_hal_qspi.o)
                0x0000000008007118                HAL_QSPI_AutoPolling
 .text.HAL_QSPI_MemoryMapped
                0x0000000008007208       0xc0 ../../libDaisy//build/libdaisy.a(stm32h7xx_hal_qspi.o)
                0x0000000008007208                HAL_QSPI_MemoryMapped
 .text.HAL_QSPI_ErrorCallback
                0x00000000080072c8        0x4 ../../libDaisy//build/libdaisy.a(stm32h7xx_hal_qspi.o)
                0x00000000080072c8                HAL_QSPI_ErrorCallback
 .text.QSPI_DMAAbortCplt
                0x00000000080072cc       0x38 ../../libDaisy//build/libdaisy.a(stm32h7xx_hal_qspi.o)
 .text.HAL_QSPI_AbortCpltCallback
                0x0000000008007304        0x4 ../../libDaisy//build/libdaisy.a(stm32h7xx_hal_qspi.o)
                0x0000000008007304                HAL_QSPI_AbortCpltCallback
 .text.HAL_QSPI_CmdCpltCallback
                0x0000000008007308        0x4 ../../libDaisy//build/libdaisy.a(stm32h7xx_hal_qspi.o)
                0x0000000008007308                HAL_QSPI_CmdCpltCallback
 .text.HAL_QSPI_RxCpltCallback
                0x000000000800730c        0x4 ../../libDaisy//build/libdaisy.a(stm32h7xx_hal_qspi.o)
                0x000000000800730c                HAL_QSPI_RxCpltCallback
 .text.HAL_QSPI_TxCpltCallback
                0x0000000008007310        0x4 ../../libDaisy//build/libdaisy.a(stm32h7xx_hal_qspi.o)
                0x0000000008007310                HAL_QSPI_TxCpltCallback
 .text.HAL_QSPI_FifoThresholdCallback
                0x0000000008007314        0x4 ../../libDaisy//build/libdaisy.a(stm32h7xx_hal_qspi.o)
                0x0000000008007314                HAL_QSPI_FifoThresholdCallback
 .text.HAL_QSPI_StatusMatchCallback
                0x0000000008007318        0x4 ../../libDaisy//build/libdaisy.a(stm32h7xx_hal_qspi.o)
                0x0000000008007318                HAL_QSPI_StatusMatchCallback
 .text.HAL_QSPI_TimeOutCallback
                0x000000000800731c        0x4 ../../libDaisy//build/libdaisy.a(stm32h7xx_hal_qspi.o)
                0x000000000800731c                HAL_QSPI_TimeOutCallback
 .text.HAL_QSPI_IRQHandler
                0x0000000008007320      0x210 ../../libDaisy//build/libdaisy.a(stm32h7xx_hal_qspi.o)
                0x0000000008007320                HAL_QSPI_IRQHandler
 .text.HAL_RCC_OscConfig
                0x0000000008007530      0x51c ../../libDaisy//build/libdaisy.a(stm32h7xx_hal_rcc.o)
                0x0000000008007530                HAL_RCC_OscConfig
 .text.HAL_RCC_GetSysClockFreq
                0x0000000008007a4c      0x140 ../../libDaisy//build/libdaisy.a(stm32h7xx_hal_rcc.o)
                0x0000000008007a4c                HAL_RCC_GetSysClockFreq
 .text.HAL_RCC_ClockConfig
                0x0000000008007b8c      0x234 ../../libDaisy//build/libdaisy.a(stm32h7xx_hal_rcc.o)
                0x0000000008007b8c                HAL_RCC_ClockConfig
 .text.HAL_RCC_GetHCLKFreq
                0x0000000008007dc0       0x2c ../../libDaisy//build/libdaisy.a(stm32h7xx_hal_rcc.o)
                0x0000000008007dc0                HAL_RCC_GetHCLKFreq
 .text.HAL_RCC_GetPCLK1Freq
                0x0000000008007dec       0x38 ../../libDaisy//build/libdaisy.a(stm32h7xx_hal_rcc.o)
                0x0000000008007dec                HAL_RCC_GetPCLK1Freq
 .text.HAL_RCC_GetPCLK2Freq
                0x0000000008007e24       0x38 ../../libDaisy//build/libdaisy.a(stm32h7xx_hal_rcc.o)
                0x0000000008007e24                HAL_RCC_GetPCLK2Freq
 .text.RCCEx_PLL2_Config
                0x0000000008007e5c       0xf4 ../../libDaisy//build/libdaisy.a(stm32h7xx_hal_rcc_ex.o)
 .text.RCCEx_PLL3_Config
                0x0000000008007f50       0xf4 ../../libDaisy//build/libdaisy.a(stm32h7xx_hal_rcc_ex.o)
 .text.HAL_RCCEx_PeriphCLKConfig
                0x0000000008008044      0xa7c ../../libDaisy//build/libdaisy.a(stm32h7xx_hal_rcc_ex.o)
                0x0000000008008044                HAL_RCCEx_PeriphCLKConfig
 .text.HAL_RCCEx_GetD3PCLK1Freq
                0x0000000008008ac0       0x24 ../../libDaisy//build/libdaisy.a(stm32h7xx_hal_rcc_ex.o)
                0x0000000008008ac0                HAL_RCCEx_GetD3PCLK1Freq
 .text.HAL_RCCEx_GetPLL2ClockFreq
                0x0000000008008ae4      0x17c ../../libDaisy//build/libdaisy.a(stm32h7xx_hal_rcc_ex.o)
                0x0000000008008ae4                HAL_RCCEx_GetPLL2ClockFreq
 .text.HAL_RCCEx_GetPLL3ClockFreq
                0x0000000008008c60      0x17c ../../libDaisy//build/libdaisy.a(stm32h7xx_hal_rcc_ex.o)
                0x0000000008008c60                HAL_RCCEx_GetPLL3ClockFreq
 .text.HAL_RCCEx_GetPLL1ClockFreq
                0x0000000008008ddc      0x17c ../../libDaisy//build/libdaisy.a(stm32h7xx_hal_rcc_ex.o)
                0x0000000008008ddc                HAL_RCCEx_GetPLL1ClockFreq
 .text.HAL_RCCEx_GetPeriphCLKFreq
                0x0000000008008f58      0x198 ../../libDaisy//build/libdaisy.a(stm32h7xx_hal_rcc_ex.o)
                0x0000000008008f58                HAL_RCCEx_GetPeriphCLKFreq
 .text.HAL_RCCEx_GetD1SysClockFreq
                0x00000000080090f0       0x2c ../../libDaisy//build/libdaisy.a(stm32h7xx_hal_rcc_ex.o)
                0x00000000080090f0                HAL_RCCEx_GetD1SysClockFreq
 .text.HAL_SAI_Init.part.0
                0x000000000800911c      0x348 ../../libDaisy//build/libdaisy.a(stm32h7xx_hal_sai.o)
 .text.HAL_SAI_InitProtocol
                0x0000000008009464      0x178 ../../libDaisy//build/libdaisy.a(stm32h7xx_hal_sai.o)
                0x0000000008009464                HAL_SAI_InitProtocol
 .text.HAL_SAI_Transmit_DMA
                0x00000000080095dc      0x124 ../../libDaisy//build/libdaisy.a(stm32h7xx_hal_sai.o)
                0x00000000080095dc                HAL_SAI_Transmit_DMA
 .text.HAL_SAI_Receive_DMA
                0x0000000008009700       0xd0 ../../libDaisy//build/libdaisy.a(stm32h7xx_hal_sai.o)
                0x0000000008009700                HAL_SAI_Receive_DMA
 .text.HAL_SAI_TxCpltCallback
                0x00000000080097d0        0x4 ../../libDaisy//build/libdaisy.a(stm32h7xx_hal_sai.o)
                0x00000000080097d0                HAL_SAI_TxCpltCallback
 .text.SAI_DMATxCplt
                0x00000000080097d4       0x64 ../../libDaisy//build/libdaisy.a(stm32h7xx_hal_sai.o)
 .text.HAL_SAI_TxHalfCpltCallback
                0x0000000008009838        0x4 ../../libDaisy//build/libdaisy.a(stm32h7xx_hal_sai.o)
                0x0000000008009838                HAL_SAI_TxHalfCpltCallback
 .text.SAI_DMATxHalfCplt
                0x000000000800983c        0xc ../../libDaisy//build/libdaisy.a(stm32h7xx_hal_sai.o)
 .text.SAI_DMARxCplt
                0x0000000008009848       0x64 ../../libDaisy//build/libdaisy.a(stm32h7xx_hal_sai.o)
 .text.SAI_DMARxHalfCplt
                0x00000000080098ac        0xc ../../libDaisy//build/libdaisy.a(stm32h7xx_hal_sai.o)
 .text.HAL_SAI_ErrorCallback
                0x00000000080098b8        0x4 ../../libDaisy//build/libdaisy.a(stm32h7xx_hal_sai.o)
                0x00000000080098b8                HAL_SAI_ErrorCallback
 .text.SAI_DMAError
                0x00000000080098bc       0x6c ../../libDaisy//build/libdaisy.a(stm32h7xx_hal_sai.o)
 .text.HAL_SDRAM_Init
                0x0000000008009928       0x54 ../../libDaisy//build/libdaisy.a(stm32h7xx_hal_sdram.o)
                0x0000000008009928                HAL_SDRAM_Init
 .text.HAL_SDRAM_SendCommand
                0x000000000800997c       0x40 ../../libDaisy//build/libdaisy.a(stm32h7xx_hal_sdram.o)
                0x000000000800997c                HAL_SDRAM_SendCommand
 .text.HAL_SDRAM_ProgramRefreshRate
                0x00000000080099bc       0x30 ../../libDaisy//build/libdaisy.a(stm32h7xx_hal_sdram.o)
                0x00000000080099bc                HAL_SDRAM_ProgramRefreshRate
 .text.FMC_SDRAM_Init
                0x00000000080099ec       0x7c ../../libDaisy//build/libdaisy.a(stm32h7xx_ll_fmc.o)
                0x00000000080099ec                FMC_SDRAM_Init
 .text.FMC_SDRAM_Timing_Init
                0x0000000008009a68       0x98 ../../libDaisy//build/libdaisy.a(stm32h7xx_ll_fmc.o)
                0x0000000008009a68                FMC_SDRAM_Timing_Init
 .text.FMC_SDRAM_SendCommand
                0x0000000008009b00       0x28 ../../libDaisy//build/libdaisy.a(stm32h7xx_ll_fmc.o)
                0x0000000008009b00                FMC_SDRAM_SendCommand
 .text.FMC_SDRAM_ProgramRefreshRate
                0x0000000008009b28       0x1c ../../libDaisy//build/libdaisy.a(stm32h7xx_ll_fmc.o)
                0x0000000008009b28                FMC_SDRAM_ProgramRefreshRate
 .text.USB_SetTurnaroundTime
                0x0000000008009b44      0x104 ../../libDaisy//build/libdaisy.a(stm32h7xx_ll_usb.o)
                0x0000000008009b44                USB_SetTurnaroundTime
 .text.USB_FlushTxFifo
                0x0000000008009c48       0x34 ../../libDaisy//build/libdaisy.a(stm32h7xx_ll_usb.o)
                0x0000000008009c48                USB_FlushTxFifo
 .text.USB_GetDevSpeed
                0x0000000008009c7c       0x24 ../../libDaisy//build/libdaisy.a(stm32h7xx_ll_usb.o)
                0x0000000008009c7c                USB_GetDevSpeed
 .text.USB_ActivateEndpoint
                0x0000000008009ca0       0x90 ../../libDaisy//build/libdaisy.a(stm32h7xx_ll_usb.o)
                0x0000000008009ca0                USB_ActivateEndpoint
 .text.USB_EPStartXfer
                0x0000000008009d30      0x230 ../../libDaisy//build/libdaisy.a(stm32h7xx_ll_usb.o)
                0x0000000008009d30                USB_EPStartXfer
 .text.USB_EP0StartXfer
                0x0000000008009f60      0x174 ../../libDaisy//build/libdaisy.a(stm32h7xx_ll_usb.o)
                0x0000000008009f60                USB_EP0StartXfer
 .text.USB_WritePacket
                0x000000000800a0d4       0x2c ../../libDaisy//build/libdaisy.a(stm32h7xx_ll_usb.o)
                0x000000000800a0d4                USB_WritePacket
 .text.USB_ReadPacket
                0x000000000800a100       0x20 ../../libDaisy//build/libdaisy.a(stm32h7xx_ll_usb.o)
                0x000000000800a100                USB_ReadPacket
 .text.USB_EPSetStall
                0x000000000800a120       0x68 ../../libDaisy//build/libdaisy.a(stm32h7xx_ll_usb.o)
                0x000000000800a120                USB_EPSetStall
 .text.USB_EPClearStall
                0x000000000800a188       0x58 ../../libDaisy//build/libdaisy.a(stm32h7xx_ll_usb.o)
                0x000000000800a188                USB_EPClearStall
 .text.USB_SetDevAddress
                0x000000000800a1e0       0x24 ../../libDaisy//build/libdaisy.a(stm32h7xx_ll_usb.o)
                0x000000000800a1e0                USB_SetDevAddress
 .text.USB_ReadInterrupts
                0x000000000800a204       0x14 ../../libDaisy//build/libdaisy.a(stm32h7xx_ll_usb.o)
                0x000000000800a204                USB_ReadInterrupts
 .text.USB_ReadDevAllOutEpInterrupt
                0x000000000800a218       0x1c ../../libDaisy//build/libdaisy.a(stm32h7xx_ll_usb.o)
                0x000000000800a218                USB_ReadDevAllOutEpInterrupt
 .text.USB_ReadDevAllInEpInterrupt
                0x000000000800a234       0x1c ../../libDaisy//build/libdaisy.a(stm32h7xx_ll_usb.o)
                0x000000000800a234                USB_ReadDevAllInEpInterrupt
 .text.USB_ReadDevOutEPInterrupt
                0x000000000800a250       0x1c ../../libDaisy//build/libdaisy.a(stm32h7xx_ll_usb.o)
                0x000000000800a250                USB_ReadDevOutEPInterrupt
 .text.USB_ReadDevInEPInterrupt
                0x000000000800a26c       0x38 ../../libDaisy//build/libdaisy.a(stm32h7xx_ll_usb.o)
                0x000000000800a26c                USB_ReadDevInEPInterrupt
 .text.USB_GetMode
                0x000000000800a2a4        0x8 ../../libDaisy//build/libdaisy.a(stm32h7xx_ll_usb.o)
                0x000000000800a2a4                USB_GetMode
 .text.USB_ActivateSetup
                0x000000000800a2ac       0x38 ../../libDaisy//build/libdaisy.a(stm32h7xx_ll_usb.o)
                0x000000000800a2ac                USB_ActivateSetup
 .text.USB_EP0_OutStart
                0x000000000800a2e4       0x58 ../../libDaisy//build/libdaisy.a(stm32h7xx_ll_usb.o)
                0x000000000800a2e4                USB_EP0_OutStart
 .text.USB_InitFSLSPClkSel
                0x000000000800a33c       0x44 ../../libDaisy//build/libdaisy.a(stm32h7xx_ll_usb.o)
                0x000000000800a33c                USB_InitFSLSPClkSel
 .text.USB_HC_ReadInterrupt
                0x000000000800a380        0x8 ../../libDaisy//build/libdaisy.a(stm32h7xx_ll_usb.o)
                0x000000000800a380                USB_HC_ReadInterrupt
 .text.USB_HC_Halt
                0x000000000800a388       0xc0 ../../libDaisy//build/libdaisy.a(stm32h7xx_ll_usb.o)
                0x000000000800a388                USB_HC_Halt
 .text.USB_StopHost
                0x000000000800a448      0x2ec ../../libDaisy//build/libdaisy.a(stm32h7xx_ll_usb.o)
                0x000000000800a448                USB_StopHost
 .text.USBD_SetClassConfig
                0x000000000800a734       0x14 ../../libDaisy//build/libdaisy.a(usbd_core.o)
                0x000000000800a734                USBD_SetClassConfig
 .text.USBD_ClrClassConfig
                0x000000000800a748       0x10 ../../libDaisy//build/libdaisy.a(usbd_core.o)
                0x000000000800a748                USBD_ClrClassConfig
 .text.USBD_LL_SetupStage
                0x000000000800a758       0x5c ../../libDaisy//build/libdaisy.a(usbd_core.o)
                0x000000000800a758                USBD_LL_SetupStage
 .text.USBD_LL_DataOutStage
                0x000000000800a7b4       0x7c ../../libDaisy//build/libdaisy.a(usbd_core.o)
                0x000000000800a7b4                USBD_LL_DataOutStage
 .text.USBD_LL_DataInStage
                0x000000000800a830       0xcc ../../libDaisy//build/libdaisy.a(usbd_core.o)
                0x000000000800a830                USBD_LL_DataInStage
 .text.USBD_LL_Reset
                0x000000000800a8fc       0x50 ../../libDaisy//build/libdaisy.a(usbd_core.o)
                0x000000000800a8fc                USBD_LL_Reset
 .text.USBD_LL_SetSpeed
                0x000000000800a94c        0x8 ../../libDaisy//build/libdaisy.a(usbd_core.o)
                0x000000000800a94c                USBD_LL_SetSpeed
 .text.USBD_LL_Suspend
                0x000000000800a954       0x14 ../../libDaisy//build/libdaisy.a(usbd_core.o)
                0x000000000800a954                USBD_LL_Suspend
 .text.USBD_LL_Resume
                0x000000000800a968       0x10 ../../libDaisy//build/libdaisy.a(usbd_core.o)
                0x000000000800a968                USBD_LL_Resume
 .text.USBD_LL_SOF
                0x000000000800a978       0x1c ../../libDaisy//build/libdaisy.a(usbd_core.o)
                0x000000000800a978                USBD_LL_SOF
 .text.USBD_LL_IsoINIncomplete
                0x000000000800a994        0x4 ../../libDaisy//build/libdaisy.a(usbd_core.o)
                0x000000000800a994                USBD_LL_IsoINIncomplete
 .text.USBD_LL_IsoOUTIncomplete
                0x000000000800a998        0x4 ../../libDaisy//build/libdaisy.a(usbd_core.o)
                0x000000000800a998                USBD_LL_IsoOUTIncomplete
 .text.USBD_LL_DevConnected
                0x000000000800a99c        0x4 ../../libDaisy//build/libdaisy.a(usbd_core.o)
                0x000000000800a99c                USBD_LL_DevConnected
 .text.USBD_LL_DevDisconnected
                0x000000000800a9a0       0x18 ../../libDaisy//build/libdaisy.a(usbd_core.o)
                0x000000000800a9a0                USBD_LL_DevDisconnected
 .text.USBD_StdDevReq
                0x000000000800a9b8      0x304 ../../libDaisy//build/libdaisy.a(usbd_ctlreq.o)
                0x000000000800a9b8                USBD_StdDevReq
 .text.USBD_StdItfReq
                0x000000000800acbc       0x68 ../../libDaisy//build/libdaisy.a(usbd_ctlreq.o)
                0x000000000800acbc                USBD_StdItfReq
 .text.USBD_StdEPReq
                0x000000000800ad24      0x13c ../../libDaisy//build/libdaisy.a(usbd_ctlreq.o)
                0x000000000800ad24                USBD_StdEPReq
 .text.USBD_ParseSetupRequest
                0x000000000800ae60       0x28 ../../libDaisy//build/libdaisy.a(usbd_ctlreq.o)
                0x000000000800ae60                USBD_ParseSetupRequest
 .text.USBD_CtlSendData
                0x000000000800ae88       0x1c ../../libDaisy//build/libdaisy.a(usbd_ioreq.o)
                0x000000000800ae88                USBD_CtlSendData
 .text.USBD_CtlContinueSendData
                0x000000000800aea4       0x14 ../../libDaisy//build/libdaisy.a(usbd_ioreq.o)
                0x000000000800aea4                USBD_CtlContinueSendData
 .text.USBD_CtlContinueRx
                0x000000000800aeb8       0x14 ../../libDaisy//build/libdaisy.a(usbd_ioreq.o)
                0x000000000800aeb8                USBD_CtlContinueRx
 .text.USBD_CtlSendStatus
                0x000000000800aecc       0x18 ../../libDaisy//build/libdaisy.a(usbd_ioreq.o)
                0x000000000800aecc                USBD_CtlSendStatus
 .text.USBD_CtlReceiveStatus
                0x000000000800aee4       0x18 ../../libDaisy//build/libdaisy.a(usbd_ioreq.o)
                0x000000000800aee4                USBD_CtlReceiveStatus
 .text.USBH_LL_IncTimer
                0x000000000800aefc       0x20 ../../libDaisy//build/libdaisy.a(usbh_core.o)
                0x000000000800aefc                USBH_LL_IncTimer
 .text.USBH_LL_PortEnabled
                0x000000000800af1c        0x8 ../../libDaisy//build/libdaisy.a(usbh_core.o)
                0x000000000800af1c                USBH_LL_PortEnabled
 .text.USBH_LL_PortDisabled
                0x000000000800af24        0x8 ../../libDaisy//build/libdaisy.a(usbh_core.o)
                0x000000000800af24                USBH_LL_PortDisabled
 .text.USBH_LL_Connect
                0x000000000800af2c       0x18 ../../libDaisy//build/libdaisy.a(usbh_core.o)
                0x000000000800af2c                USBH_LL_Connect
 .text.USBH_LL_Disconnect
                0x000000000800af44       0x2c ../../libDaisy//build/libdaisy.a(usbh_core.o)
                0x000000000800af44                USBH_LL_Disconnect
 .text.USBH_FreePipe
                0x000000000800af70       0x18 ../../libDaisy//build/libdaisy.a(usbh_pipes.o)
                0x000000000800af70                USBH_FreePipe
 .text._ZN5daisy6Random4InitEv
                0x000000000800af88       0x3c ../../libDaisy//build/libdaisy.a(rng.o)
                0x000000000800af88                daisy::Random::Init()
 .text._ZN5daisy9SpiHandle4Impl7InitDmaEv
                0x000000000800afc4       0xec ../../libDaisy//build/libdaisy.a(spi.o)
                0x000000000800afc4                daisy::SpiHandle::Impl::InitDma()
 .text._ZN5daisy9SpiHandle4Impl10StartDmaTxEPhjPFvPvEPFvS3_NS0_6ResultEES3_
                0x000000000800b0b0       0xc8 ../../libDaisy//build/libdaisy.a(spi.o)
                0x000000000800b0b0                daisy::SpiHandle::Impl::StartDmaTx(unsigned char*, unsigned int, void (*)(void*), void (*)(void*, daisy::SpiHandle::Result), void*)
 .text._ZN5daisy9SpiHandle4Impl10StartDmaRxEPhjPFvPvEPFvS3_NS0_6ResultEES3_
                0x000000000800b178       0xc8 ../../libDaisy//build/libdaisy.a(spi.o)
                0x000000000800b178                daisy::SpiHandle::Impl::StartDmaRx(unsigned char*, unsigned int, void (*)(void*), void (*)(void*, daisy::SpiHandle::Result), void*)
 .text._ZN5daisy9SpiHandle4Impl12StartDmaRxTxEPhS2_jPFvPvEPFvS3_NS0_6ResultEES3_
                0x000000000800b240       0xcc ../../libDaisy//build/libdaisy.a(spi.o)
                0x000000000800b240                daisy::SpiHandle::Impl::StartDmaRxTx(unsigned char*, unsigned char*, unsigned int, void (*)(void*), void (*)(void*, daisy::SpiHandle::Result), void*)
 .text._ZN5daisy9SpiHandle4Impl8InitPinsEv
                0x000000000800b30c      0x274 ../../libDaisy//build/libdaisy.a(spi.o)
                0x000000000800b30c                daisy::SpiHandle::Impl::InitPins()
 .text.HAL_SPI_MspInit
                0x000000000800b580      0x1a8 ../../libDaisy//build/libdaisy.a(spi.o)
                0x000000000800b580                HAL_SPI_MspInit
 .text.dsy_spi_global_init
                0x000000000800b728       0x80 ../../libDaisy//build/libdaisy.a(spi.o)
                0x000000000800b728                dsy_spi_global_init
 .text.SPI1_IRQHandler
                0x000000000800b7a8        0xc ../../libDaisy//build/libdaisy.a(spi.o)
                0x000000000800b7a8                SPI1_IRQHandler
 .text.SPI2_IRQHandler
                0x000000000800b7b4        0xc ../../libDaisy//build/libdaisy.a(spi.o)
                0x000000000800b7b4                SPI2_IRQHandler
 .text.SPI3_IRQHandler
                0x000000000800b7c0        0xc ../../libDaisy//build/libdaisy.a(spi.o)
                0x000000000800b7c0                SPI3_IRQHandler
 .text.SPI4_IRQHandler
                0x000000000800b7cc        0xc ../../libDaisy//build/libdaisy.a(spi.o)
                0x000000000800b7cc                SPI4_IRQHandler
 .text.SPI5_IRQHandler
                0x000000000800b7d8        0xc ../../libDaisy//build/libdaisy.a(spi.o)
                0x000000000800b7d8                SPI5_IRQHandler
 .text.DMA2_Stream2_IRQHandler
                0x000000000800b7e4       0x34 ../../libDaisy//build/libdaisy.a(spi.o)
                0x000000000800b7e4                DMA2_Stream2_IRQHandler
 .text.DMA2_Stream3_IRQHandler
                0x000000000800b818       0x38 ../../libDaisy//build/libdaisy.a(spi.o)
                0x000000000800b818                DMA2_Stream3_IRQHandler
 .text.HAL_SPI_TxCpltCallback
                0x000000000800b850       0xc4 ../../libDaisy//build/libdaisy.a(spi.o)
                0x000000000800b850                HAL_SPI_TxCpltCallback
 .text.HAL_SPI_RxCpltCallback
                0x000000000800b914       0xc4 ../../libDaisy//build/libdaisy.a(spi.o)
                0x000000000800b914                HAL_SPI_RxCpltCallback
 .text.HAL_SPI_TxRxCpltCallback
                0x000000000800b9d8       0xc4 ../../libDaisy//build/libdaisy.a(spi.o)
                0x000000000800b9d8                HAL_SPI_TxRxCpltCallback
 .text.HAL_SPI_ErrorCallback
                0x000000000800ba9c       0xc8 ../../libDaisy//build/libdaisy.a(spi.o)
                0x000000000800ba9c                HAL_SPI_ErrorCallback
 .text.startup._GLOBAL__sub_I__Z19MapInstanceToHandleP11SPI_TypeDef
                0x000000000800bb64      0x1b0 ../../libDaisy//build/libdaisy.a(spi.o)
 .text.HAL_TIM_Base_MspInit
                0x000000000800bd14      0x1e0 ../../libDaisy//build/libdaisy.a(tim.o)
                0x000000000800bd14                HAL_TIM_Base_MspInit
 .text.HAL_TIM_PeriodElapsedCallback
                0x000000000800bef4       0x44 ../../libDaisy//build/libdaisy.a(tim.o)
                0x000000000800bef4                HAL_TIM_PeriodElapsedCallback
 .text.TIM2_IRQHandler
                0x000000000800bf38        0xc ../../libDaisy//build/libdaisy.a(tim.o)
                0x000000000800bf38                TIM2_IRQHandler
 .text.TIM3_IRQHandler
                0x000000000800bf44        0xc ../../libDaisy//build/libdaisy.a(tim.o)
                0x000000000800bf44                TIM3_IRQHandler
 .text.TIM4_IRQHandler
                0x000000000800bf50        0xc ../../libDaisy//build/libdaisy.a(tim.o)
                0x000000000800bf50                TIM4_IRQHandler
 .text.TIM5_IRQHandler
                0x000000000800bf5c        0xc ../../libDaisy//build/libdaisy.a(tim.o)
                0x000000000800bf5c                TIM5_IRQHandler
 .text._ZN5daisy11TimerHandle4InitERKNS0_6ConfigE
                0x000000000800bf68       0xd0 ../../libDaisy//build/libdaisy.a(tim.o)
                0x000000000800bf68                daisy::TimerHandle::Init(daisy::TimerHandle::Config const&)
 .text._ZN5daisy11TimerHandle5StartEv
                0x000000000800c038       0x24 ../../libDaisy//build/libdaisy.a(tim.o)
                0x000000000800c038                daisy::TimerHandle::Start()
 .text.startup._GLOBAL__sub_I__ZN5daisy11TimerHandle4Impl4InitERKNS0_6ConfigE
                0x000000000800c05c       0x38 ../../libDaisy//build/libdaisy.a(tim.o)
 .text._ZL20UART_CheckRxListenerPN5daisy11UartHandler4ImplE
                0x000000000800c094       0x84 ../../libDaisy//build/libdaisy.a(uart.o)
 .text._ZN5daisy11UartHandler4Impl10StartDmaTxEPhjPFvPvEPFvS3_NS0_6ResultEES3_
                0x000000000800c118      0x184 ../../libDaisy//build/libdaisy.a(uart.o)
                0x000000000800c118                daisy::UartHandler::Impl::StartDmaTx(unsigned char*, unsigned int, void (*)(void*), void (*)(void*, daisy::UartHandler::Result), void*)
 .text._ZN5daisy11UartHandler4Impl10StartDmaRxEPhjPFvPvEPFvS3_NS0_6ResultEES3_
                0x000000000800c29c      0x184 ../../libDaisy//build/libdaisy.a(uart.o)
                0x000000000800c29c                daisy::UartHandler::Impl::StartDmaRx(unsigned char*, unsigned int, void (*)(void*), void (*)(void*, daisy::UartHandler::Result), void*)
 .text._ZN5daisy11UartHandler4Impl19DmaTransferFinishedEP20__UART_HandleTypeDefNS0_6ResultE
                0x000000000800c420       0xc0 ../../libDaisy//build/libdaisy.a(uart.o)
                0x000000000800c420                daisy::UartHandler::Impl::DmaTransferFinished(__UART_HandleTypeDef*, daisy::UartHandler::Result)
 .text._ZN5daisy11UartHandler4Impl8InitPinsEv
                0x000000000800c4e0      0x154 ../../libDaisy//build/libdaisy.a(uart.o)
                0x000000000800c4e0                daisy::UartHandler::Impl::InitPins()
 .text.HAL_UART_MspInit
                0x000000000800c634      0x210 ../../libDaisy//build/libdaisy.a(uart.o)
                0x000000000800c634                HAL_UART_MspInit
 .text.dsy_uart_global_init
                0x000000000800c844       0xfc ../../libDaisy//build/libdaisy.a(uart.o)
                0x000000000800c844                dsy_uart_global_init
 .text.USART1_IRQHandler
                0x000000000800c940       0x2c ../../libDaisy//build/libdaisy.a(uart.o)
                0x000000000800c940                USART1_IRQHandler
 .text.USART2_IRQHandler
                0x000000000800c96c       0x34 ../../libDaisy//build/libdaisy.a(uart.o)
                0x000000000800c96c                USART2_IRQHandler
 .text.USART3_IRQHandler
                0x000000000800c9a0       0x34 ../../libDaisy//build/libdaisy.a(uart.o)
                0x000000000800c9a0                USART3_IRQHandler
 .text.UART4_IRQHandler
                0x000000000800c9d4       0x34 ../../libDaisy//build/libdaisy.a(uart.o)
                0x000000000800c9d4                UART4_IRQHandler
 .text.UART5_IRQHandler
                0x000000000800ca08       0x34 ../../libDaisy//build/libdaisy.a(uart.o)
                0x000000000800ca08                UART5_IRQHandler
 .text.USART6_IRQHandler
                0x000000000800ca3c       0x34 ../../libDaisy//build/libdaisy.a(uart.o)
                0x000000000800ca3c                USART6_IRQHandler
 .text.UART7_IRQHandler
                0x000000000800ca70       0x34 ../../libDaisy//build/libdaisy.a(uart.o)
                0x000000000800ca70                UART7_IRQHandler
 .text.UART8_IRQHandler
                0x000000000800caa4       0x34 ../../libDaisy//build/libdaisy.a(uart.o)
                0x000000000800caa4                UART8_IRQHandler
 .text.LPUART1_IRQHandler
                0x000000000800cad8       0x34 ../../libDaisy//build/libdaisy.a(uart.o)
                0x000000000800cad8                LPUART1_IRQHandler
 .text.DMA1_Stream5_IRQHandler
                0x000000000800cb0c       0x34 ../../libDaisy//build/libdaisy.a(uart.o)
                0x000000000800cb0c                DMA1_Stream5_IRQHandler
 .text.DMA2_Stream4_IRQHandler
                0x000000000800cb40       0x38 ../../libDaisy//build/libdaisy.a(uart.o)
                0x000000000800cb40                DMA2_Stream4_IRQHandler
 .text.HAL_UART_TxCpltCallback
                0x000000000800cb78        0x8 ../../libDaisy//build/libdaisy.a(uart.o)
                0x000000000800cb78                HAL_UART_TxCpltCallback
 .text.HAL_UART_RxCpltCallback
                0x000000000800cb80       0x94 ../../libDaisy//build/libdaisy.a(uart.o)
                0x000000000800cb80                HAL_UART_RxCpltCallback
 .text.HAL_UART_RxHalfCpltCallback
                0x000000000800cc14       0x90 ../../libDaisy//build/libdaisy.a(uart.o)
                0x000000000800cc14                HAL_UART_RxHalfCpltCallback
 .text.HAL_UART_ErrorCallback
                0x000000000800cca4        0x8 ../../libDaisy//build/libdaisy.a(uart.o)
                0x000000000800cca4                HAL_UART_ErrorCallback
 .text.startup._GLOBAL__sub_I__Z19MapInstanceToHandleP13USART_TypeDef
                0x000000000800ccac      0x194 ../../libDaisy//build/libdaisy.a(uart.o)
 .text.dsy_dma_init
                0x000000000800ce40      0x100 ../../libDaisy//build/libdaisy.a(dma.o)
                0x000000000800ce40                dsy_dma_init
 .text.dsy_dma_invalidate_cache_for_buffer
                0x000000000800cf40       0x2c ../../libDaisy//build/libdaisy.a(dma.o)
                0x000000000800cf40                dsy_dma_invalidate_cache_for_buffer
 .text.HAL_MDMA_Abort_IT
                0x000000000800cf6c       0x2c ../../libDaisy//build/libdaisy.a(stm32h7xx_hal_mdma.o)
                0x000000000800cf6c                HAL_MDMA_Abort_IT
 .text.SPI_CloseTransfer
                0x000000000800cf98       0xb8 ../../libDaisy//build/libdaisy.a(stm32h7xx_hal_spi.o)
 .text.HAL_SPI_Init
                0x000000000800d050      0x15c ../../libDaisy//build/libdaisy.a(stm32h7xx_hal_spi.o)
                0x000000000800d050                HAL_SPI_Init
 .text.HAL_SPI_Transmit_DMA
                0x000000000800d1ac      0x170 ../../libDaisy//build/libdaisy.a(stm32h7xx_hal_spi.o)
                0x000000000800d1ac                HAL_SPI_Transmit_DMA
 .text.HAL_SPI_TransmitReceive_DMA
                0x000000000800d31c      0x218 ../../libDaisy//build/libdaisy.a(stm32h7xx_hal_spi.o)
                0x000000000800d31c                HAL_SPI_TransmitReceive_DMA
 .text.HAL_SPI_Receive_DMA
                0x000000000800d534      0x1b4 ../../libDaisy//build/libdaisy.a(stm32h7xx_hal_spi.o)
                0x000000000800d534                HAL_SPI_Receive_DMA
 .text.SPI_DMATransmitCplt
                0x000000000800d6e8       0x28 ../../libDaisy//build/libdaisy.a(stm32h7xx_hal_spi.o)
 .text.SPI_DMAReceiveCplt
                0x000000000800d710       0x28 ../../libDaisy//build/libdaisy.a(stm32h7xx_hal_spi.o)
 .text.SPI_DMATransmitReceiveCplt
                0x000000000800d738       0x28 ../../libDaisy//build/libdaisy.a(stm32h7xx_hal_spi.o)
 .text.HAL_SPI_TxHalfCpltCallback
                0x000000000800d760        0x4 ../../libDaisy//build/libdaisy.a(stm32h7xx_hal_spi.o)
                0x000000000800d760                HAL_SPI_TxHalfCpltCallback
 .text.SPI_DMAHalfTransmitCplt
                0x000000000800d764        0xc ../../libDaisy//build/libdaisy.a(stm32h7xx_hal_spi.o)
 .text.HAL_SPI_RxHalfCpltCallback
                0x000000000800d770        0x4 ../../libDaisy//build/libdaisy.a(stm32h7xx_hal_spi.o)
                0x000000000800d770                HAL_SPI_RxHalfCpltCallback
 .text.SPI_DMAHalfReceiveCplt
                0x000000000800d774        0xc ../../libDaisy//build/libdaisy.a(stm32h7xx_hal_spi.o)
 .text.HAL_SPI_TxRxHalfCpltCallback
                0x000000000800d780        0x4 ../../libDaisy//build/libdaisy.a(stm32h7xx_hal_spi.o)
                0x000000000800d780                HAL_SPI_TxRxHalfCpltCallback
 .text.SPI_DMAHalfTransmitReceiveCplt
                0x000000000800d784        0xc ../../libDaisy//build/libdaisy.a(stm32h7xx_hal_spi.o)
 .text.SPI_DMAError
                0x000000000800d790       0xd8 ../../libDaisy//build/libdaisy.a(stm32h7xx_hal_spi.o)
 .text.HAL_SPI_IRQHandler
                0x000000000800d868      0x23c ../../libDaisy//build/libdaisy.a(stm32h7xx_hal_spi.o)
                0x000000000800d868                HAL_SPI_IRQHandler
 .text.SPI_DMAAbortOnError
                0x000000000800daa4       0x1c ../../libDaisy//build/libdaisy.a(stm32h7xx_hal_spi.o)
 .text.HAL_SPI_GetState
                0x000000000800dac0        0x8 ../../libDaisy//build/libdaisy.a(stm32h7xx_hal_spi.o)
                0x000000000800dac0                HAL_SPI_GetState
 .text.HAL_TIM_Base_Init
                0x000000000800dac8      0x140 ../../libDaisy//build/libdaisy.a(stm32h7xx_hal_tim.o)
                0x000000000800dac8                HAL_TIM_Base_Init
 .text.HAL_TIM_Base_Start
                0x000000000800dc08       0x34 ../../libDaisy//build/libdaisy.a(stm32h7xx_hal_tim.o)
                0x000000000800dc08                HAL_TIM_Base_Start
 .text.HAL_TIM_Base_Start_IT
                0x000000000800dc3c       0x2c ../../libDaisy//build/libdaisy.a(stm32h7xx_hal_tim.o)
                0x000000000800dc3c                HAL_TIM_Base_Start_IT
 .text.HAL_TIM_ConfigClockSource
                0x000000000800dc68      0x17c ../../libDaisy//build/libdaisy.a(stm32h7xx_hal_tim.o)
                0x000000000800dc68                HAL_TIM_ConfigClockSource
 .text.HAL_TIM_OC_DelayElapsedCallback
                0x000000000800dde4        0x4 ../../libDaisy//build/libdaisy.a(stm32h7xx_hal_tim.o)
                0x000000000800dde4                HAL_TIM_OC_DelayElapsedCallback
 .text.HAL_TIM_IC_CaptureCallback
                0x000000000800dde8        0x4 ../../libDaisy//build/libdaisy.a(stm32h7xx_hal_tim.o)
                0x000000000800dde8                HAL_TIM_IC_CaptureCallback
 .text.HAL_TIM_PWM_PulseFinishedCallback
                0x000000000800ddec        0x4 ../../libDaisy//build/libdaisy.a(stm32h7xx_hal_tim.o)
                0x000000000800ddec                HAL_TIM_PWM_PulseFinishedCallback
 .text.HAL_TIM_TriggerCallback
                0x000000000800ddf0        0x4 ../../libDaisy//build/libdaisy.a(stm32h7xx_hal_tim.o)
                0x000000000800ddf0                HAL_TIM_TriggerCallback
 .text.HAL_TIM_IRQHandler
                0x000000000800ddf4      0x170 ../../libDaisy//build/libdaisy.a(stm32h7xx_hal_tim.o)
                0x000000000800ddf4                HAL_TIM_IRQHandler
 .text.HAL_TIMEx_MasterConfigSynchronization
                0x000000000800df64       0x64 ../../libDaisy//build/libdaisy.a(stm32h7xx_hal_tim_ex.o)
                0x000000000800df64                HAL_TIMEx_MasterConfigSynchronization
 .text.HAL_TIMEx_CommutCallback
                0x000000000800dfc8        0x4 ../../libDaisy//build/libdaisy.a(stm32h7xx_hal_tim_ex.o)
                0x000000000800dfc8                HAL_TIMEx_CommutCallback
 .text.HAL_TIMEx_BreakCallback
                0x000000000800dfcc        0x4 ../../libDaisy//build/libdaisy.a(stm32h7xx_hal_tim_ex.o)
                0x000000000800dfcc                HAL_TIMEx_BreakCallback
 .text.HAL_TIMEx_Break2Callback
                0x000000000800dfd0        0x4 ../../libDaisy//build/libdaisy.a(stm32h7xx_hal_tim_ex.o)
                0x000000000800dfd0                HAL_TIMEx_Break2Callback
 .text.HAL_UART_Transmit_DMA
                0x000000000800dfd4       0xa4 ../../libDaisy//build/libdaisy.a(stm32h7xx_hal_uart.o)
                0x000000000800dfd4                HAL_UART_Transmit_DMA
 .text.HAL_UART_Receive_DMA
                0x000000000800e078       0xac ../../libDaisy//build/libdaisy.a(stm32h7xx_hal_uart.o)
                0x000000000800e078                HAL_UART_Receive_DMA
 .text.UART_DMATransmitCplt
                0x000000000800e124       0x2c ../../libDaisy//build/libdaisy.a(stm32h7xx_hal_uart.o)
 .text.HAL_UART_TxHalfCpltCallback
                0x000000000800e150        0x4 ../../libDaisy//build/libdaisy.a(stm32h7xx_hal_uart.o)
                0x000000000800e150                HAL_UART_TxHalfCpltCallback
 .text.UART_DMATxHalfCplt
                0x000000000800e154        0xc ../../libDaisy//build/libdaisy.a(stm32h7xx_hal_uart.o)
 .text.UART_DMAReceiveCplt
                0x000000000800e160       0x38 ../../libDaisy//build/libdaisy.a(stm32h7xx_hal_uart.o)
 .text.UART_DMARxHalfCplt
                0x000000000800e198        0xc ../../libDaisy//build/libdaisy.a(stm32h7xx_hal_uart.o)
 .text.UART_DMAError
                0x000000000800e1a4       0x78 ../../libDaisy//build/libdaisy.a(stm32h7xx_hal_uart.o)
 .text.HAL_UART_IRQHandler
                0x000000000800e21c      0x1d0 ../../libDaisy//build/libdaisy.a(stm32h7xx_hal_uart.o)
                0x000000000800e21c                HAL_UART_IRQHandler
 .text.UART_DMAAbortOnError
                0x000000000800e3ec       0x14 ../../libDaisy//build/libdaisy.a(stm32h7xx_hal_uart.o)
 .text.HAL_UART_GetState
                0x000000000800e400        0xc ../../libDaisy//build/libdaisy.a(stm32h7xx_hal_uart.o)
                0x000000000800e400                HAL_UART_GetState
 .text.UART_SetConfig
                0x000000000800e40c     0x14b8 ../../libDaisy//build/libdaisy.a(stm32h7xx_hal_uart.o)
                0x000000000800e40c                UART_SetConfig
 .text.UART_AdvFeatureConfig
                0x000000000800f8c4       0xb0 ../../libDaisy//build/libdaisy.a(stm32h7xx_hal_uart.o)
                0x000000000800f8c4                UART_AdvFeatureConfig
 .text.UART_CheckIdleState
                0x000000000800f974       0x84 ../../libDaisy//build/libdaisy.a(stm32h7xx_hal_uart.o)
                0x000000000800f974                UART_CheckIdleState
 .text.HAL_UART_Init
                0x000000000800f9f8       0x68 ../../libDaisy//build/libdaisy.a(stm32h7xx_hal_uart.o)
                0x000000000800f9f8                HAL_UART_Init
 .text.HAL_UARTEx_WakeupCallback
                0x000000000800fa60        0x4 ../../libDaisy//build/libdaisy.a(stm32h7xx_hal_uart_ex.o)
                0x000000000800fa60                HAL_UARTEx_WakeupCallback
 .text.HAL_UARTEx_RxFifoFullCallback
                0x000000000800fa64        0x4 ../../libDaisy//build/libdaisy.a(stm32h7xx_hal_uart_ex.o)
                0x000000000800fa64                HAL_UARTEx_RxFifoFullCallback
 .text.HAL_UARTEx_TxFifoEmptyCallback
                0x000000000800fa68        0x4 ../../libDaisy//build/libdaisy.a(stm32h7xx_hal_uart_ex.o)
                0x000000000800fa68                HAL_UARTEx_TxFifoEmptyCallback
 .text._ZN7daisysp10Oscillator7ProcessEv
                0x000000000800fa6c      0x374 ../../DaisySP//build/libdaisysp.a(oscillator.o)
                0x000000000800fa6c                daisysp::Oscillator::Process()
 .text._ZN7daisysp10Oscillator12CalcPhaseIncEf
                0x000000000800fde0        0xc ../../DaisySP//build/libdaisysp.a(oscillator.o)
                0x000000000800fde0                daisysp::Oscillator::CalcPhaseInc(float)
 .text.__aeabi_atexit
                0x000000000800fdec        0xa /Library/DaisyToolchain/0.2.0/arm/bin/../lib/gcc/arm-none-eabi/10.3.1/../../../../arm-none-eabi/lib/thumb/v7e-m+dp/hard/libstdc++_nano.a(atexit_arm.o)
                0x000000000800fdec                __aeabi_atexit
 *fill*         0x000000000800fdf6        0x2 
 .text.sinf     0x000000000800fdf8      0x20c /Library/DaisyToolchain/0.2.0/arm/bin/../lib/gcc/arm-none-eabi/10.3.1/../../../../arm-none-eabi/lib/thumb/v7e-m+dp/hard/libm.a(lib_a-sinf.o)
                0x000000000800fdf8                sinf
 .text.with_errnof
                0x0000000008010004       0x18 /Library/DaisyToolchain/0.2.0/arm/bin/../lib/gcc/arm-none-eabi/10.3.1/../../../../arm-none-eabi/lib/thumb/v7e-m+dp/hard/libm.a(lib_a-math_errf.o)
 .text.__math_invalidf
                0x000000000801001c       0x20 /Library/DaisyToolchain/0.2.0/arm/bin/../lib/gcc/arm-none-eabi/10.3.1/../../../../arm-none-eabi/lib/thumb/v7e-m+dp/hard/libm.a(lib_a-math_errf.o)
                0x000000000801001c                __math_invalidf
 .text.__cxa_atexit
                0x000000000801003c       0x1c /Library/DaisyToolchain/0.2.0/arm/bin/../lib/gcc/arm-none-eabi/10.3.1/../../../../arm-none-eabi/lib/thumb/v7e-m+dp/hard/libc_nano.a(lib_a-cxa_atexit.o)
                0x000000000801003c                __cxa_atexit
 .text.__errno  0x0000000008010058        0xc /Library/DaisyToolchain/0.2.0/arm/bin/../lib/gcc/arm-none-eabi/10.3.1/../../../../arm-none-eabi/lib/thumb/v7e-m+dp/hard/libc_nano.a(lib_a-errno.o)
                0x0000000008010058                __errno
 .text.__libc_init_array
                0x0000000008010064       0x48 /Library/DaisyToolchain/0.2.0/arm/bin/../lib/gcc/arm-none-eabi/10.3.1/../../../../arm-none-eabi/lib/thumb/v7e-m+dp/hard/libc_nano.a(lib_a-init.o)
                0x0000000008010064                __libc_init_array
 .text.memcpy   0x00000000080100ac       0x1c /Library/DaisyToolchain/0.2.0/arm/bin/../lib/gcc/arm-none-eabi/10.3.1/../../../../arm-none-eabi/lib/thumb/v7e-m+dp/hard/libc_nano.a(lib_a-memcpy-stub.o)
                0x00000000080100ac                memcpy
 .text.memset   0x00000000080100c8       0x10 /Library/DaisyToolchain/0.2.0/arm/bin/../lib/gcc/arm-none-eabi/10.3.1/../../../../arm-none-eabi/lib/thumb/v7e-m+dp/hard/libc_nano.a(lib_a-memset.o)
                0x00000000080100c8                memset
 *(.rodata)
 .rodata        0x00000000080100d8       0x10 ../../libDaisy//build/libdaisy.a(i2c.o)
 .rodata        0x00000000080100e8       0x10 ../../libDaisy//build/libdaisy.a(tim.o)
 .rodata        0x00000000080100f8       0x12 ../../libDaisy//build/libdaisy.a(uart.o)
 *(.rodata*)
 *fill*         0x000000000801010a        0x2 
 .rodata.CSWTCH.35
                0x000000000801010c        0x3 ../../libDaisy//build/libdaisy.a(sai.o)
 *fill*         0x000000000801010f        0x1 
 .rodata.CSWTCH.36
                0x0000000008010110        0xc ../../libDaisy//build/libdaisy.a(sai.o)
 .rodata.CSWTCH.44
                0x000000000801011c       0x14 ../../libDaisy//build/libdaisy.a(sai.o)
 .rodata.D1CorePrescTable
                0x0000000008010130       0x10 ../../libDaisy//build/libdaisy.a(system_stm32h7xx.o)
                0x0000000008010130                D1CorePrescTable
 .rodata.CSWTCH.24
                0x0000000008010140        0x4 ../../libDaisy//build/libdaisy.a(usbd_conf.o)
 .rodata.CSWTCH.19
                0x0000000008010144        0x4 ../../libDaisy//build/libdaisy.a(usbh_conf.o)
 .rodata.gpio_hal_pin_map
                0x0000000008010148       0x20 ../../libDaisy//build/libdaisy.a(hal_map.o)
 .rodata.gpio_hal_port_map
                0x0000000008010168       0x30 ../../libDaisy//build/libdaisy.a(hal_map.o)
 .rodata.flagBitshiftOffset.0
                0x0000000008010198        0x8 ../../libDaisy//build/libdaisy.a(stm32h7xx_hal_dma.o)
 .rodata._ZL13pins_none_spi
                0x00000000080101a0        0x3 ../../libDaisy//build/libdaisy.a(spi.o)
 *fill*         0x00000000080101a3        0x1 
 .rodata._ZL16pins_periphs_spi
                0x00000000080101a4       0x60 ../../libDaisy//build/libdaisy.a(spi.o)
 .rodata.CSWTCH.418
                0x0000000008010204       0x29 ../../libDaisy//build/libdaisy.a(stm32h7xx_hal_uart.o)
 *fill*         0x000000000801022d        0x3 
 .rodata.CSWTCH.419
                0x0000000008010230        0x6 ../../libDaisy//build/libdaisy.a(stm32h7xx_hal_uart.o)
 *fill*         0x0000000008010236        0x2 
 .rodata.CSWTCH.426
                0x0000000008010238        0x6 ../../libDaisy//build/libdaisy.a(stm32h7xx_hal_uart.o)
 *fill*         0x000000000801023e        0x2 
 .rodata.__inv_pio4
                0x0000000008010240       0x60 /Library/DaisyToolchain/0.2.0/arm/bin/../lib/gcc/arm-none-eabi/10.3.1/../../../../arm-none-eabi/lib/thumb/v7e-m+dp/hard/libm.a(lib_a-sincosf_data.o)
                0x0000000008010240                __inv_pio4
 .rodata.__sincosf_table
                0x00000000080102a0       0xe0 /Library/DaisyToolchain/0.2.0/arm/bin/../lib/gcc/arm-none-eabi/10.3.1/../../../../arm-none-eabi/lib/thumb/v7e-m+dp/hard/libm.a(lib_a-sincosf_data.o)
                0x00000000080102a0                __sincosf_table
 .rodata.__sf_fake_stderr
                0x0000000008010380       0x20 /Library/DaisyToolchain/0.2.0/arm/bin/../lib/gcc/arm-none-eabi/10.3.1/../../../../arm-none-eabi/lib/thumb/v7e-m+dp/hard/libc_nano.a(lib_a-findfp.o)
                0x0000000008010380                __sf_fake_stderr
 .rodata.__sf_fake_stdin
                0x00000000080103a0       0x20 /Library/DaisyToolchain/0.2.0/arm/bin/../lib/gcc/arm-none-eabi/10.3.1/../../../../arm-none-eabi/lib/thumb/v7e-m+dp/hard/libc_nano.a(lib_a-findfp.o)
                0x00000000080103a0                __sf_fake_stdin
 .rodata.__sf_fake_stdout
                0x00000000080103c0       0x20 /Library/DaisyToolchain/0.2.0/arm/bin/../lib/gcc/arm-none-eabi/10.3.1/../../../../arm-none-eabi/lib/thumb/v7e-m+dp/hard/libc_nano.a(lib_a-findfp.o)
                0x00000000080103c0                __sf_fake_stdout
 *(.glue_7)
 .glue_7        0x00000000080103e0        0x0 linker stubs
 *(.glue_7t)
 .glue_7t       0x00000000080103e0        0x0 linker stubs
 *(.init)
 .init          0x00000000080103e0        0x4 /Library/DaisyToolchain/0.2.0/arm/bin/../lib/gcc/arm-none-eabi/10.3.1/thumb/v7e-m+dp/hard/crti.o
                0x00000000080103e0                _init
 .init          0x00000000080103e4        0x8 /Library/DaisyToolchain/0.2.0/arm/bin/../lib/gcc/arm-none-eabi/10.3.1/thumb/v7e-m+dp/hard/crtn.o
 *(.fini)
 .fini          0x00000000080103ec        0x4 /Library/DaisyToolchain/0.2.0/arm/bin/../lib/gcc/arm-none-eabi/10.3.1/thumb/v7e-m+dp/hard/crti.o
                0x00000000080103ec                _fini
 .fini          0x00000000080103f0        0x8 /Library/DaisyToolchain/0.2.0/arm/bin/../lib/gcc/arm-none-eabi/10.3.1/thumb/v7e-m+dp/hard/crtn.o
                0x00000000080103f8                . = ALIGN (0x4)
                0x00000000080103f8                _etext = .

.eh_frame       0x00000000080103f8        0x0
 .eh_frame      0x00000000080103f8        0x0 /Library/DaisyToolchain/0.2.0/arm/bin/../lib/gcc/arm-none-eabi/10.3.1/thumb/v7e-m+dp/hard/crtbegin.o

.vfp11_veneer   0x00000000080103f8        0x0
 .vfp11_veneer  0x00000000080103f8        0x0 linker stubs

.v4_bx          0x00000000080103f8        0x0
 .v4_bx         0x00000000080103f8        0x0 linker stubs

.iplt           0x00000000080103f8        0x0
 .iplt          0x00000000080103f8        0x0 /Library/DaisyToolchain/0.2.0/arm/bin/../lib/gcc/arm-none-eabi/10.3.1/thumb/v7e-m+dp/hard/crtbegin.o

.ARM.extab      0x00000000080103f8        0x0
                0x00000000080103f8                . = ALIGN (0x4)
 *(.ARM.extab)
 *(.gnu.linkonce.armextab.*)
                0x00000000080103f8                . = ALIGN (0x4)

.exidx          0x00000000080103f8        0x8
                0x00000000080103f8                . = ALIGN (0x4)
                [!provide]                        PROVIDE (__exidx_start = .)
 *(.ARM.exidx*)
 .ARM.exidx     0x00000000080103f8        0x8 /Library/DaisyToolchain/0.2.0/arm/bin/../lib/gcc/arm-none-eabi/10.3.1/thumb/v7e-m+dp/hard/libgcc.a(_udivmoddi4.o)
                0x0000000008010400                . = ALIGN (0x4)
                [!provide]                        PROVIDE (__exidx_end = .)

.rel.dyn        0x0000000008010400        0x0
 .rel.iplt      0x0000000008010400        0x0 /Library/DaisyToolchain/0.2.0/arm/bin/../lib/gcc/arm-none-eabi/10.3.1/thumb/v7e-m+dp/hard/crtbegin.o

.ARM.attributes
                0x0000000008010400       0x2e
 *(.ARM.attributes)
 .ARM.attributes
                0x0000000008010400       0x1e /Library/DaisyToolchain/0.2.0/arm/bin/../lib/gcc/arm-none-eabi/10.3.1/thumb/v7e-m+dp/hard/crti.o
 .ARM.attributes
                0x000000000801041e       0x32 /Library/DaisyToolchain/0.2.0/arm/bin/../lib/gcc/arm-none-eabi/10.3.1/thumb/v7e-m+dp/hard/crtbegin.o
 .ARM.attributes
                0x0000000008010450       0x32 build/startup_stm32h750xx.o
 .ARM.attributes